Archive member included to satisfy reference by file (symbol)

e:/MaximSDK/Libraries/PeriphDrivers/bin/MAX78000/softfp/libPeriphDriver_softfp.a(mxc_delay.o)
                              e:/MaximSDK/Examples/MAX78000/CNN/ai85-fpr/build/main.o (MXC_Delay)
e:/MaximSDK/Libraries/PeriphDrivers/bin/MAX78000/softfp/libPeriphDriver_softfp.a(pins_ai85.o)
                              e:/MaximSDK/Examples/MAX78000/CNN/ai85-fpr/build/camera.o (gpio_cfg_pcif_xclk)
e:/MaximSDK/Libraries/PeriphDrivers/bin/MAX78000/softfp/libPeriphDriver_softfp.a(sys_ai85.o)
                              e:/MaximSDK/Examples/MAX78000/CNN/ai85-fpr/build/cnn.o (MXC_SYS_ClockDisable)
e:/MaximSDK/Libraries/PeriphDrivers/bin/MAX78000/softfp/libPeriphDriver_softfp.a(nvic_table.o)
                              e:/MaximSDK/Examples/MAX78000/CNN/ai85-fpr/build/cnn.o (NVIC_SetVector)
e:/MaximSDK/Libraries/PeriphDrivers/bin/MAX78000/softfp/libPeriphDriver_softfp.a(cameraif_ai85.o)
                              e:/MaximSDK/Examples/MAX78000/CNN/ai85-fpr/build/camera.o (MXC_PCIF_Init)
e:/MaximSDK/Libraries/PeriphDrivers/bin/MAX78000/softfp/libPeriphDriver_softfp.a(cameraif_reva.o)
                              e:/MaximSDK/Libraries/PeriphDrivers/bin/MAX78000/softfp/libPeriphDriver_softfp.a(cameraif_ai85.o) (MXC_PCIF_RevA_SetDatawidth)
e:/MaximSDK/Libraries/PeriphDrivers/bin/MAX78000/softfp/libPeriphDriver_softfp.a(dma_me17.o)
                              e:/MaximSDK/Examples/MAX78000/CNN/ai85-fpr/build/camera.o (MXC_DMA_SetCallback)
e:/MaximSDK/Libraries/PeriphDrivers/bin/MAX78000/softfp/libPeriphDriver_softfp.a(dma_reva.o)
                              e:/MaximSDK/Libraries/PeriphDrivers/bin/MAX78000/softfp/libPeriphDriver_softfp.a(dma_me17.o) (MXC_DMA_RevA_Init)
e:/MaximSDK/Libraries/PeriphDrivers/bin/MAX78000/softfp/libPeriphDriver_softfp.a(gpio_ai85.o)
                              e:/MaximSDK/Examples/MAX78000/CNN/ai85-fpr/build/cnn.o (MXC_GPIO_Config)
e:/MaximSDK/Libraries/PeriphDrivers/bin/MAX78000/softfp/libPeriphDriver_softfp.a(gpio_reva.o)
                              e:/MaximSDK/Libraries/PeriphDrivers/bin/MAX78000/softfp/libPeriphDriver_softfp.a(gpio_ai85.o) (MXC_GPIO_RevA_InGet)
e:/MaximSDK/Libraries/PeriphDrivers/bin/MAX78000/softfp/libPeriphDriver_softfp.a(icc_me17.o)
                              e:/MaximSDK/Examples/MAX78000/CNN/ai85-fpr/build/main.o (MXC_ICC_Enable)
e:/MaximSDK/Libraries/PeriphDrivers/bin/MAX78000/softfp/libPeriphDriver_softfp.a(icc_reva.o)
                              e:/MaximSDK/Libraries/PeriphDrivers/bin/MAX78000/softfp/libPeriphDriver_softfp.a(icc_me17.o) (MXC_ICC_RevA_ID)
e:/MaximSDK/Libraries/PeriphDrivers/bin/MAX78000/softfp/libPeriphDriver_softfp.a(pt_me17.o)
                              e:/MaximSDK/Examples/MAX78000/CNN/ai85-fpr/build/camera.o (MXC_PT_Init)
e:/MaximSDK/Libraries/PeriphDrivers/bin/MAX78000/softfp/libPeriphDriver_softfp.a(pt_reva.o)
                              e:/MaximSDK/Libraries/PeriphDrivers/bin/MAX78000/softfp/libPeriphDriver_softfp.a(pt_me17.o) (MXC_PT_RevA_Init)
e:/MaximSDK/Libraries/PeriphDrivers/bin/MAX78000/softfp/libPeriphDriver_softfp.a(spi_me17.o)
                              e:/MaximSDK/Examples/MAX78000/CNN/ai85-fpr/build/tft.o (MXC_SPI_Init)
e:/MaximSDK/Libraries/PeriphDrivers/bin/MAX78000/softfp/libPeriphDriver_softfp.a(spi_reva.o)
                              e:/MaximSDK/Libraries/PeriphDrivers/bin/MAX78000/softfp/libPeriphDriver_softfp.a(spi_me17.o) (MXC_SPI_RevA_Init)
e:/MaximSDK/Libraries/PeriphDrivers/bin/MAX78000/softfp/libPeriphDriver_softfp.a(uart_ai85.o)
                              e:/MaximSDK/Examples/MAX78000/CNN/ai85-fpr/build/board.o (MXC_UART_Shutdown)
e:/MaximSDK/Libraries/PeriphDrivers/bin/MAX78000/softfp/libPeriphDriver_softfp.a(uart_common.o)
                              e:/MaximSDK/Libraries/PeriphDrivers/bin/MAX78000/softfp/libPeriphDriver_softfp.a(uart_ai85.o) (MXC_UART_Common_ReadCharacter)
e:/MaximSDK/Libraries/PeriphDrivers/bin/MAX78000/softfp/libPeriphDriver_softfp.a(uart_revb.o)
                              e:/MaximSDK/Libraries/PeriphDrivers/bin/MAX78000/softfp/libPeriphDriver_softfp.a(uart_ai85.o) (MXC_UART_RevB_Init)
e:/MaximSDK/Libraries/PeriphDrivers/bin/MAX78000/softfp/libPeriphDriver_softfp.a(mxc_lock.o)
                              e:/MaximSDK/Libraries/PeriphDrivers/bin/MAX78000/softfp/libPeriphDriver_softfp.a(dma_reva.o) (MXC_GetLock)
e:/MaximSDK/Libraries/PeriphDrivers/bin/MAX78000/softfp/libPeriphDriver_softfp.a(gpio_common.o)
                              e:/MaximSDK/Libraries/PeriphDrivers/bin/MAX78000/softfp/libPeriphDriver_softfp.a(gpio_ai85.o) (MXC_GPIO_Common_Init)
e:/maximsdk/tools/gnutools/bin/../lib/gcc/arm-none-eabi/9.2.1/../../../../arm-none-eabi/lib/thumb/v7e-m+fp/softfp\libc.a(lib_a-errno.o)
                              e:/MaximSDK/Examples/MAX78000/CNN/ai85-fpr/build/stdio.o (__errno)
[...]
Memory Configuration

Name             Origin             Length             Attributes
ROM              0x00000000         0x00010000         xr
FLASH            0x10000000         0x00080000         xr
SRAM             0x20000000         0x00020000         xrw
*default*        0x00000000         0xffffffff

Linker script and memory map

LOAD e:/maximsdk/tools/gnutools/bin/../lib/gcc/arm-none-eabi/9.2.1/thumb/v7e-m+fp/softfp/crti.o
LOAD e:/maximsdk/tools/gnutools/bin/../lib/gcc/arm-none-eabi/9.2.1/thumb/v7e-m+fp/softfp/crtbegin.o
LOAD e:/maximsdk/tools/gnutools/bin/../lib/gcc/arm-none-eabi/9.2.1/../../../../arm-none-eabi/lib/thumb/v7e-m+fp/softfp/crt0.o
LOAD e:/MaximSDK/Examples/MAX78000/CNN/ai85-fpr/build/main.o
LOAD e:/MaximSDK/Examples/MAX78000/CNN/ai85-fpr/build/cnn.o
LOAD e:/MaximSDK/Examples/MAX78000/CNN/ai85-fpr/build/softmax.o
LOAD e:/MaximSDK/Examples/MAX78000/CNN/ai85-fpr/build/board.o
LOAD e:/MaximSDK/Examples/MAX78000/CNN/ai85-fpr/build/stdio.o
LOAD e:/MaximSDK/Examples/MAX78000/CNN/ai85-fpr/build/led.o
LOAD e:/MaximSDK/Examples/MAX78000/CNN/ai85-fpr/build/pb.o
LOAD e:/MaximSDK/Examples/MAX78000/CNN/ai85-fpr/build/tft.o
LOAD e:/MaximSDK/Examples/MAX78000/CNN/ai85-fpr/build/touchscreen.o
LOAD e:/MaximSDK/Examples/MAX78000/CNN/ai85-fpr/build/camera.o
LOAD e:/MaximSDK/Examples/MAX78000/CNN/ai85-fpr/build/sccb.o
LOAD e:/MaximSDK/Examples/MAX78000/CNN/ai85-fpr/build/startup_max78000.o
LOAD e:/MaximSDK/Examples/MAX78000/CNN/ai85-fpr/build/heap.o
LOAD e:/MaximSDK/Examples/MAX78000/CNN/ai85-fpr/build/system_max78000.o
START GROUP
LOAD e:/MaximSDK/Libraries/PeriphDrivers/bin/MAX78000/softfp/libPeriphDriver_softfp.a
LOAD e:/maximsdk/tools/gnutools/bin/../lib/gcc/arm-none-eabi/9.2.1/../../../../arm-none-eabi/lib/thumb/v7e-m+fp/softfp\libc.a
LOAD e:/maximsdk/tools/gnutools/bin/../lib/gcc/arm-none-eabi/9.2.1/../../../../arm-none-eabi/lib/thumb/v7e-m+fp/softfp\libm.a
LOAD e:/maximsdk/tools/gnutools/bin/../lib/gcc/arm-none-eabi/9.2.1/../../../../arm-none-eabi/lib/thumb/v7e-m+fp/softfp\libnosys.a
END GROUP
START GROUP
LOAD e:/maximsdk/tools/gnutools/bin/../lib/gcc/arm-none-eabi/9.2.1/thumb/v7e-m+fp/softfp\libgcc.a
LOAD e:/maximsdk/tools/gnutools/bin/../lib/gcc/arm-none-eabi/9.2.1/../../../../arm-none-eabi/lib/thumb/v7e-m+fp/softfp\libc.a
END GROUP
LOAD e:/maximsdk/tools/gnutools/bin/../lib/gcc/arm-none-eabi/9.2.1/thumb/v7e-m+fp/softfp/crtend.o
LOAD e:/maximsdk/tools/gnutools/bin/../lib/gcc/arm-none-eabi/9.2.1/thumb/v7e-m+fp/softfp/crtn.o

.rom
 *(.rom_vector)
 *(.rom_handlers*)

.text           0x10000000    0x255cc
                0x10000000                _text = .
 *(.isr_vector)
 .isr_vector    0x10000000      0x1e0 e:/MaximSDK/Examples/MAX78000/CNN/ai85-fpr/build/startup_max78000.o
                0x10000000                __isr_vector
 *(.text*)
 .text          0x100001e0       0x40 e:/maximsdk/tools/gnutools/bin/../lib/gcc/arm-none-eabi/9.2.1/thumb/v7e-m+fp/softfp/crtbegin.o
 .text.fail     0x10000220       0x10 e:/MaximSDK/Examples/MAX78000/CNN/ai85-fpr/build/main.o
                0x10000220                fail
 .text.load_input
                0x10000230       0x18 e:/MaximSDK/Examples/MAX78000/CNN/ai85-fpr/build/main.o
                0x10000230                load_input
 .text.check_output
                0x10000248       0x58 e:/MaximSDK/Examples/MAX78000/CNN/ai85-fpr/build/main.o
                0x10000248                check_output
 .text.softmax_layer
                0x100002a0       0x20 e:/MaximSDK/Examples/MAX78000/CNN/ai85-fpr/build/main.o
                0x100002a0                softmax_layer
 .text.main     0x100002c0      0x120 e:/MaximSDK/Examples/MAX78000/CNN/ai85-fpr/build/main.o
                0x100002c0                main
 .text.CNN_ISR  0x100003e0       0x58 e:/MaximSDK/Examples/MAX78000/CNN/ai85-fpr/build/cnn.o
                0x100003e0                CNN_ISR
 .text.memcpy32
                0x10000438       0x1a e:/MaximSDK/Examples/MAX78000/CNN/ai85-fpr/build/cnn.o
                0x10000438                memcpy32
 *fill*         0x10000452        0x2 
 .text.cnn_load_weights
                0x10000454      0x6ec e:/MaximSDK/Examples/MAX78000/CNN/ai85-fpr/build/cnn.o
                0x10000454                cnn_load_weights
 .text.cnn_load_bias
                0x10000b40       0x28 e:/MaximSDK/Examples/MAX78000/CNN/ai85-fpr/build/cnn.o
                0x10000b40                cnn_load_bias
 .text.cnn_init
                0x10000b68       0x64 e:/MaximSDK/Examples/MAX78000/CNN/ai85-fpr/build/cnn.o
                0x10000b68                cnn_init
 .text.cnn_configure
                0x10000bcc     0x1270 e:/MaximSDK/Examples/MAX78000/CNN/ai85-fpr/build/cnn.o
                0x10000bcc                cnn_configure
 .text.cnn_start
                0x10001e3c       0x44 e:/MaximSDK/Examples/MAX78000/CNN/ai85-fpr/build/cnn.o
                0x10001e3c                cnn_start
 .text.cnn_unload
                0x10001e80      0x478 e:/MaximSDK/Examples/MAX78000/CNN/ai85-fpr/build/cnn.o
                0x10001e80                cnn_unload
 .text.cnn_enable
                0x100022f8       0x3c e:/MaximSDK/Examples/MAX78000/CNN/ai85-fpr/build/cnn.o
                0x100022f8                cnn_enable
 .text.cnn_disable
                0x10002334       0x20 e:/MaximSDK/Examples/MAX78000/CNN/ai85-fpr/build/cnn.o
                0x10002334                cnn_disable
 .text.softmax_q17p14_q15
                0x10002354       0xa0 e:/MaximSDK/Examples/MAX78000/CNN/ai85-fpr/build/softmax.o
                0x10002354                softmax_q17p14_q15
 .text.mxc_assert
                0x100023f4       0x10 e:/MaximSDK/Examples/MAX78000/CNN/ai85-fpr/build/board.o
                0x100023f4                mxc_assert
 .text.Console_Init
                0x10002404       0x18 e:/MaximSDK/Examples/MAX78000/CNN/ai85-fpr/build/board.o
                0x10002404                Console_Init
 .text.Board_Init
                0x1000241c       0x64 e:/MaximSDK/Examples/MAX78000/CNN/ai85-fpr/build/board.o
                0x1000241c                Board_Init
 .text.NMI_Handler
                0x10002480        0x4 e:/MaximSDK/Examples/MAX78000/CNN/ai85-fpr/build/board.o
                0x10002480                NMI_Handler
 .text._close   0x10002484        0x6 e:/MaximSDK/Examples/MAX78000/CNN/ai85-fpr/build/stdio.o
                0x10002484                _close
 .text._isatty  0x1000248a        0x6 e:/MaximSDK/Examples/MAX78000/CNN/ai85-fpr/build/stdio.o
                0x1000248a                _isatty
 .text._lseek   0x10002490        0x6 e:/MaximSDK/Examples/MAX78000/CNN/ai85-fpr/build/stdio.o
                0x10002490                _lseek
 .text._fstat   0x10002496        0x6 e:/MaximSDK/Examples/MAX78000/CNN/ai85-fpr/build/stdio.o
                0x10002496                _fstat
 .text._read    0x1000249c       0x54 e:/MaximSDK/Examples/MAX78000/CNN/ai85-fpr/build/stdio.o
                0x1000249c                _read
 .text._write   0x100024f0       0x54 e:/MaximSDK/Examples/MAX78000/CNN/ai85-fpr/build/stdio.o
                0x100024f0                _write
 .text.LED_On   0x10002544       0x44 e:/MaximSDK/Examples/MAX78000/CNN/ai85-fpr/build/led.o
                0x10002544                LED_On
 .text.LED_Off  0x10002588       0x44 e:/MaximSDK/Examples/MAX78000/CNN/ai85-fpr/build/led.o
                0x10002588                LED_Off
 .text.LED_Init
                0x100025cc       0x3c e:/MaximSDK/Examples/MAX78000/CNN/ai85-fpr/build/led.o
                0x100025cc                LED_Init
 .text.PB_Init  0x10002608       0x38 e:/MaximSDK/Examples/MAX78000/CNN/ai85-fpr/build/pb.o
                0x10002608                PB_Init
 .text.GPIO0_IRQHandler
                0x10002640        0xa e:/MaximSDK/Examples/MAX78000/CNN/ai85-fpr/build/pb.o
                0x10002640                GPIO0_IRQHandler
 .text.GPIO1_IRQHandler
                0x1000264a        0xa e:/MaximSDK/Examples/MAX78000/CNN/ai85-fpr/build/pb.o
                0x1000264a                GPIO1_IRQHandler
 .text.GPIO2_IRQHandler
                0x10002654        0xa e:/MaximSDK/Examples/MAX78000/CNN/ai85-fpr/build/pb.o
                0x10002654                GPIO2_IRQHandler
 *fill*         0x1000265e        0x2 
 .text          0x10002660      0x148 e:/MaximSDK/Examples/MAX78000/CNN/ai85-fpr/build/startup_max78000.o
                0x10002660                Reset_Handler
                0x1000269e                HardFault_Handler
                0x100026a0                MemManage_Handler
                0x100026a2                BusFault_Handler
                0x100026a4                UsageFault_Handler
                0x100026a6                SVC_Handler
                0x100026a8                DebugMon_Handler
                0x100026aa                PendSV_Handler
                0x100026ac                SysTick_Handler
                0x100026ae                Default_Handler
                0x100026b0                PF_IRQHandler
                0x100026b2                WDT0_IRQHandler
                0x100026b4                RSV02_IRQHandler
                0x100026b6                RTC_IRQHandler
                0x100026b8                TRNG_IRQHandler
                0x100026ba                TMR0_IRQHandler
                0x100026bc                TMR1_IRQHandler
                0x100026be                TMR2_IRQHandler
                0x100026c0                TMR3_IRQHandler
                0x100026c2                TMR4_IRQHandler
                0x100026c4                TMR5_IRQHandler
                0x100026c6                RSV11_IRQHandler
                0x100026c8                RSV12_IRQHandler
                0x100026ca                I2C0_IRQHandler
                0x100026cc                UART0_IRQHandler
                0x100026ce                UART1_IRQHandler
                0x100026d0                SPI1_IRQHandler
                0x100026d2                RSV17_IRQHandler
                0x100026d4                RSV18_IRQHandler
                0x100026d6                RSV19_IRQHandler
                0x100026d8                ADC_IRQHandler
                0x100026da                RSV21_IRQHandler
                0x100026dc                RSV22_IRQHandler
                0x100026de                FLC0_IRQHandler
                0x100026e6                RSV27_IRQHandler
                0x100026e8                DMA0_IRQHandler
                0x100026ea                DMA1_IRQHandler
                0x100026ec                DMA2_IRQHandler
                0x100026ee                DMA3_IRQHandler
                0x100026f0                RSV32_IRQHandler
                0x100026f2                RSV33_IRQHandler
                0x100026f4                UART2_IRQHandler
                0x100026f6                RSV35_IRQHandler
                0x100026f8                I2C1_IRQHandler
                0x100026fa                RSV37_IRQHandler
                0x100026fc                RSV38_IRQHandler
                0x100026fe                RSV39_IRQHandler
                0x10002700                RSV40_IRQHandler
                0x10002702                RSV41_IRQHandler
                0x10002704                RSV42_IRQHandler
                0x10002706                RSV43_IRQHandler
                0x10002708                RSV44_IRQHandler
                0x1000270a                RSV45_IRQHandler
                0x1000270c                RSV46_IRQHandler
                0x1000270e                RSV47_IRQHandler
                0x10002710                RSV48_IRQHandler
                0x10002712                RSV49_IRQHandler
                0x10002714                RSV50_IRQHandler
                0x10002716                RSV51_IRQHandler
                0x10002718                RSV52_IRQHandler
                0x1000271a                WUT_IRQHandler
                0x1000271c                GPIOWAKE_IRQHandler
                0x1000271e                RSV55_IRQHandler
                0x10002720                SPI0_IRQHandler
                0x10002722                WDT1_IRQHandler
                0x10002724                RSV58_IRQHandler
                0x10002726                PT_IRQHandler
                0x10002728                RSV60_IRQHandler
                0x1000272a                RSV61_IRQHandler
                0x1000272c                I2C2_IRQHandler
                0x1000272e                RISCV_IRQHandler
                0x10002730                RSV64_IRQHandler
                0x10002732                RSV65_IRQHandler
                0x10002734                RSV66_IRQHandler
                0x10002736                OWM_IRQHandler
                0x10002738                RSV68_IRQHandler
                0x1000273a                RSV69_IRQHandler
                0x1000273c                RSV70_IRQHandler
                0x1000273e                RSV71_IRQHandler
                0x10002740                RSV72_IRQHandler
                0x10002742                RSV73_IRQHandler
                0x10002744                RSV74_IRQHandler
                0x10002746                RSV75_IRQHandler
                0x10002748                RSV76_IRQHandler
                0x1000274a                RSV77_IRQHandler
                0x1000274c                RSV78_IRQHandler
                0x1000274e                RSV79_IRQHandler
                0x10002750                RSV80_IRQHandler
                0x10002752                RSV81_IRQHandler
                0x10002754                ECC_IRQHandler
                0x10002756                DVS_IRQHandler
                0x10002758                SIMO_IRQHandler
                0x1000275a                RSV85_IRQHandler
                0x1000275c                RSV86_IRQHandler
                0x1000275e                RSV87_IRQHandler
                0x10002760                UART3_IRQHandler
                0x10002762                RSV89_IRQHandler
                0x10002764                RSV90_IRQHandler
                0x10002766                PCIF_IRQHandler
                0x10002768                RSV92_IRQHandler
                0x1000276a                RSV93_IRQHandler
                0x1000276c                RSV94_IRQHandler
                0x1000276e                RSV95_IRQHandler
                0x10002770                RSV96_IRQHandler
                0x10002772                AES_IRQHandler
                0x10002774                RSV98_IRQHandler
                0x10002776                I2S_IRQHandler
                0x10002778                CNN_FIFO_IRQHandler
                0x1000277a                CNN_IRQHandler
                0x1000277c                RSV102_IRQHandler
                0x1000277e                LPCMP_IRQHandler
 .text._sbrk    0x100027a8       0x40 e:/MaximSDK/Examples/MAX78000/CNN/ai85-fpr/build/heap.o
                0x100027a8                _sbrk
 .text.SystemCoreClockUpdate
                0x100027e8       0x78 e:/MaximSDK/Examples/MAX78000/CNN/ai85-fpr/build/system_max78000.o
                0x100027e8                SystemCoreClockUpdate
 .text.PreInit  0x10002860        0x4 e:/MaximSDK/Examples/MAX78000/CNN/ai85-fpr/build/system_max78000.o
                0x10002860                PreInit
 .text.SystemInit
                0x10002864       0x38 e:/MaximSDK/Examples/MAX78000/CNN/ai85-fpr/build/system_max78000.o
                0x10002864                SystemInit
 .text.MXC_DelayInit
                0x1000289c       0x80 e:/MaximSDK/Libraries/PeriphDrivers/bin/MAX78000/softfp/libPeriphDriver_softfp.a(mxc_delay.o)
 .text.MXC_DelayAsync
                0x1000291c       0x3c e:/MaximSDK/Libraries/PeriphDrivers/bin/MAX78000/softfp/libPeriphDriver_softfp.a(mxc_delay.o)
                0x1000291c                MXC_DelayAsync
 .text.MXC_DelayCheck
                0x10002958       0x74 e:/MaximSDK/Libraries/PeriphDrivers/bin/MAX78000/softfp/libPeriphDriver_softfp.a(mxc_delay.o)
                0x10002958                MXC_DelayCheck
 .text.MXC_DelayAbort
                0x100029cc       0x34 e:/MaximSDK/Libraries/PeriphDrivers/bin/MAX78000/softfp/libPeriphDriver_softfp.a(mxc_delay.o)
                0x100029cc                MXC_DelayAbort
 .text.MXC_Delay
                0x10002a00       0x74 e:/MaximSDK/Libraries/PeriphDrivers/bin/MAX78000/softfp/libPeriphDriver_softfp.a(mxc_delay.o)
                0x10002a00                MXC_Delay
 .text.MXC_SYS_ClockDisable
                0x10002a74       0x44 e:/MaximSDK/Libraries/PeriphDrivers/bin/MAX78000/softfp/libPeriphDriver_softfp.a(sys_ai85.o)
                0x10002a74                MXC_SYS_ClockDisable
 .text.MXC_SYS_ClockEnable
                0x10002ab8       0x4c e:/MaximSDK/Libraries/PeriphDrivers/bin/MAX78000/softfp/libPeriphDriver_softfp.a(sys_ai85.o)
                0x10002ab8                MXC_SYS_ClockEnable
 .text.MXC_SYS_Clock_Timeout
                0x10002b04       0x30 e:/MaximSDK/Libraries/PeriphDrivers/bin/MAX78000/softfp/libPeriphDriver_softfp.a(sys_ai85.o)
                0x10002b04                MXC_SYS_Clock_Timeout
 .text.MXC_SYS_ClockSourceEnable
                0x10002b34       0x74 e:/MaximSDK/Libraries/PeriphDrivers/bin/MAX78000/softfp/libPeriphDriver_softfp.a(sys_ai85.o)
                0x10002b34                MXC_SYS_ClockSourceEnable
 .text.MXC_SYS_Clock_Select
                0x10002ba8       0xf4 e:/MaximSDK/Libraries/PeriphDrivers/bin/MAX78000/softfp/libPeriphDriver_softfp.a(sys_ai85.o)
                0x10002ba8                MXC_SYS_Clock_Select
 .text.MXC_SYS_Reset_Periph
                0x10002c9c       0x3c e:/MaximSDK/Libraries/PeriphDrivers/bin/MAX78000/softfp/libPeriphDriver_softfp.a(sys_ai85.o)
                0x10002c9c                MXC_SYS_Reset_Periph
 .text.NVIC_SetVector
                0x10002cd8       0x4c e:/MaximSDK/Libraries/PeriphDrivers/bin/MAX78000/softfp/libPeriphDriver_softfp.a(nvic_table.o)
                0x10002cd8                NVIC_SetVector
 .text.MXC_GPIO_Init
                0x10002d24       0x38 e:/MaximSDK/Libraries/PeriphDrivers/bin/MAX78000/softfp/libPeriphDriver_softfp.a(gpio_ai85.o)
                0x10002d24                MXC_GPIO_Init
 .text.MXC_GPIO_Config
                0x10002d5c      0x190 e:/MaximSDK/Libraries/PeriphDrivers/bin/MAX78000/softfp/libPeriphDriver_softfp.a(gpio_ai85.o)
                0x10002d5c                MXC_GPIO_Config
 .text.MXC_GPIO_OutSet
                0x10002eec       0x34 e:/MaximSDK/Libraries/PeriphDrivers/bin/MAX78000/softfp/libPeriphDriver_softfp.a(gpio_ai85.o)
                0x10002eec                MXC_GPIO_OutSet
 .text.MXC_GPIO_OutClr
                0x10002f20       0x34 e:/MaximSDK/Libraries/PeriphDrivers/bin/MAX78000/softfp/libPeriphDriver_softfp.a(gpio_ai85.o)
                0x10002f20                MXC_GPIO_OutClr
 .text.MXC_GPIO_Handler
                0x10002f54        0x4 e:/MaximSDK/Libraries/PeriphDrivers/bin/MAX78000/softfp/libPeriphDriver_softfp.a(gpio_ai85.o)
                0x10002f54                MXC_GPIO_Handler
 .text.MXC_GPIO_ClearFlags
                0x10002f58        0x4 e:/MaximSDK/Libraries/PeriphDrivers/bin/MAX78000/softfp/libPeriphDriver_softfp.a(gpio_ai85.o)
                0x10002f58                MXC_GPIO_ClearFlags
 .text.MXC_GPIO_GetFlags
                0x10002f5c        0x4 e:/MaximSDK/Libraries/PeriphDrivers/bin/MAX78000/softfp/libPeriphDriver_softfp.a(gpio_ai85.o)
                0x10002f5c                MXC_GPIO_GetFlags
 .text.MXC_GPIO_RevA_OutSet
                0x10002f60        0x4 e:/MaximSDK/Libraries/PeriphDrivers/bin/MAX78000/softfp/libPeriphDriver_softfp.a(gpio_reva.o)
                0x10002f60                MXC_GPIO_RevA_OutSet
 .text.MXC_GPIO_RevA_OutClr
                0x10002f64        0x4 e:/MaximSDK/Libraries/PeriphDrivers/bin/MAX78000/softfp/libPeriphDriver_softfp.a(gpio_reva.o)
                0x10002f64                MXC_GPIO_RevA_OutClr
 .text.MXC_GPIO_RevA_ClearFlags
                0x10002f68        0x4 e:/MaximSDK/Libraries/PeriphDrivers/bin/MAX78000/softfp/libPeriphDriver_softfp.a(gpio_reva.o)
                0x10002f68                MXC_GPIO_RevA_ClearFlags
 .text.MXC_GPIO_RevA_GetFlags
                0x10002f6c        0x4 e:/MaximSDK/Libraries/PeriphDrivers/bin/MAX78000/softfp/libPeriphDriver_softfp.a(gpio_reva.o)
                0x10002f6c                MXC_GPIO_RevA_GetFlags
 .text.MXC_GPIO_RevA_SetVSSEL
                0x10002f70       0x30 e:/MaximSDK/Libraries/PeriphDrivers/bin/MAX78000/softfp/libPeriphDriver_softfp.a(gpio_reva.o)
                0x10002f70                MXC_GPIO_RevA_SetVSSEL
 .text.MXC_GPIO_RevA_SetAF
                0x10002fa0       0x58 e:/MaximSDK/Libraries/PeriphDrivers/bin/MAX78000/softfp/libPeriphDriver_softfp.a(gpio_reva.o)
                0x10002fa0                MXC_GPIO_RevA_SetAF
 .text.MXC_ICC_Enable
                0x10002ff8        0x4 e:/MaximSDK/Libraries/PeriphDrivers/bin/MAX78000/softfp/libPeriphDriver_softfp.a(icc_me17.o)
                0x10002ff8                MXC_ICC_Enable
 .text.MXC_ICC_RevA_Enable
                0x10002ffc       0x30 e:/MaximSDK/Libraries/PeriphDrivers/bin/MAX78000/softfp/libPeriphDriver_softfp.a(icc_reva.o)
                0x10002ffc                MXC_ICC_RevA_Enable
 .text.MXC_UART_GetFrequency.part.0
                0x1000302c       0x64 e:/MaximSDK/Libraries/PeriphDrivers/bin/MAX78000/softfp/libPeriphDriver_softfp.a(uart_ai85.o)
 .text.MXC_UART_Shutdown
                0x10003090       0x70 e:/MaximSDK/Libraries/PeriphDrivers/bin/MAX78000/softfp/libPeriphDriver_softfp.a(uart_ai85.o)
                0x10003090                MXC_UART_Shutdown
 .text.MXC_UART_Init
                0x10003100       0xb8 e:/MaximSDK/Libraries/PeriphDrivers/bin/MAX78000/softfp/libPeriphDriver_softfp.a(uart_ai85.o)
                0x10003100                MXC_UART_Init
 .text.MXC_UART_SetFrequency
                0x100031b8       0xc4 e:/MaximSDK/Libraries/PeriphDrivers/bin/MAX78000/softfp/libPeriphDriver_softfp.a(uart_ai85.o)
                0x100031b8                MXC_UART_SetFrequency
 .text.MXC_UART_GetFrequency
                0x1000327c       0x30 e:/MaximSDK/Libraries/PeriphDrivers/bin/MAX78000/softfp/libPeriphDriver_softfp.a(uart_ai85.o)
                0x1000327c                MXC_UART_GetFrequency
 .text.MXC_UART_SetDataSize
                0x100032ac        0x4 e:/MaximSDK/Libraries/PeriphDrivers/bin/MAX78000/softfp/libPeriphDriver_softfp.a(uart_ai85.o)
                0x100032ac                MXC_UART_SetDataSize
 .text.MXC_UART_SetStopBits
                0x100032b0        0x4 e:/MaximSDK/Libraries/PeriphDrivers/bin/MAX78000/softfp/libPeriphDriver_softfp.a(uart_ai85.o)
                0x100032b0                MXC_UART_SetStopBits
 .text.MXC_UART_SetParity
                0x100032b4        0x4 e:/MaximSDK/Libraries/PeriphDrivers/bin/MAX78000/softfp/libPeriphDriver_softfp.a(uart_ai85.o)
                0x100032b4                MXC_UART_SetParity
 .text.MXC_UART_ReadCharacterRaw
                0x100032b8        0x4 e:/MaximSDK/Libraries/PeriphDrivers/bin/MAX78000/softfp/libPeriphDriver_softfp.a(uart_ai85.o)
                0x100032b8                MXC_UART_ReadCharacterRaw
 .text.MXC_UART_WriteCharacterRaw
                0x100032bc        0x4 e:/MaximSDK/Libraries/PeriphDrivers/bin/MAX78000/softfp/libPeriphDriver_softfp.a(uart_ai85.o)
                0x100032bc                MXC_UART_WriteCharacterRaw
 .text.MXC_UART_ReadCharacter
                0x100032c0        0x4 e:/MaximSDK/Libraries/PeriphDrivers/bin/MAX78000/softfp/libPeriphDriver_softfp.a(uart_ai85.o)
                0x100032c0                MXC_UART_ReadCharacter
 .text.MXC_UART_WriteCharacter
                0x100032c4        0x4 e:/MaximSDK/Libraries/PeriphDrivers/bin/MAX78000/softfp/libPeriphDriver_softfp.a(uart_ai85.o)
                0x100032c4                MXC_UART_WriteCharacter
 .text.MXC_UART_GetRXFIFOAvailable
                0x100032c8        0x4 e:/MaximSDK/Libraries/PeriphDrivers/bin/MAX78000/softfp/libPeriphDriver_softfp.a(uart_ai85.o)
                0x100032c8                MXC_UART_GetRXFIFOAvailable
 .text.MXC_UART_GetTXFIFOAvailable
                0x100032cc        0x4 e:/MaximSDK/Libraries/PeriphDrivers/bin/MAX78000/softfp/libPeriphDriver_softfp.a(uart_ai85.o)
                0x100032cc                MXC_UART_GetTXFIFOAvailable
 .text.MXC_UART_SetRXThreshold
                0x100032d0        0x4 e:/MaximSDK/Libraries/PeriphDrivers/bin/MAX78000/softfp/libPeriphDriver_softfp.a(uart_ai85.o)
                0x100032d0                MXC_UART_SetRXThreshold
 .text.MXC_UART_Common_ReadCharacter
                0x100032d4       0x18 e:/MaximSDK/Libraries/PeriphDrivers/bin/MAX78000/softfp/libPeriphDriver_softfp.a(uart_common.o)
                0x100032d4                MXC_UART_Common_ReadCharacter
 .text.MXC_UART_Common_WriteCharacter
                0x100032ec       0x1c e:/MaximSDK/Libraries/PeriphDrivers/bin/MAX78000/softfp/libPeriphDriver_softfp.a(uart_common.o)
                0x100032ec                MXC_UART_Common_WriteCharacter
 .text.MXC_UART_RevB_Init
                0x10003308       0x70 e:/MaximSDK/Libraries/PeriphDrivers/bin/MAX78000/softfp/libPeriphDriver_softfp.a(uart_revb.o)
                0x10003308                MXC_UART_RevB_Init
 .text.MXC_UART_RevB_SetFrequency
                0x10003378       0xc0 e:/MaximSDK/Libraries/PeriphDrivers/bin/MAX78000/softfp/libPeriphDriver_softfp.a(uart_revb.o)
                0x10003378                MXC_UART_RevB_SetFrequency
 .text.MXC_UART_RevB_GetFrequency
                0x10003438       0x88 e:/MaximSDK/Libraries/PeriphDrivers/bin/MAX78000/softfp/libPeriphDriver_softfp.a(uart_revb.o)
                0x10003438                MXC_UART_RevB_GetFrequency
 .text.MXC_UART_RevB_SetDataSize
                0x100034c0       0x40 e:/MaximSDK/Libraries/PeriphDrivers/bin/MAX78000/softfp/libPeriphDriver_softfp.a(uart_revb.o)
                0x100034c0                MXC_UART_RevB_SetDataSize
 .text.MXC_UART_RevB_SetStopBits
                0x10003500       0x4c e:/MaximSDK/Libraries/PeriphDrivers/bin/MAX78000/softfp/libPeriphDriver_softfp.a(uart_revb.o)
                0x10003500                MXC_UART_RevB_SetStopBits
 .text.MXC_UART_RevB_SetParity
                0x1000354c       0x9c e:/MaximSDK/Libraries/PeriphDrivers/bin/MAX78000/softfp/libPeriphDriver_softfp.a(uart_revb.o)
                0x1000354c                MXC_UART_RevB_SetParity
 .text.MXC_UART_RevB_ReadCharacterRaw
                0x100035e8       0x38 e:/MaximSDK/Libraries/PeriphDrivers/bin/MAX78000/softfp/libPeriphDriver_softfp.a(uart_revb.o)
                0x100035e8                MXC_UART_RevB_ReadCharacterRaw
 .text.MXC_UART_RevB_WriteCharacterRaw
                0x10003620       0x3c e:/MaximSDK/Libraries/PeriphDrivers/bin/MAX78000/softfp/libPeriphDriver_softfp.a(uart_revb.o)
                0x10003620                MXC_UART_RevB_WriteCharacterRaw
 .text.MXC_UART_RevB_GetRXFIFOAvailable
                0x1000365c        0x8 e:/MaximSDK/Libraries/PeriphDrivers/bin/MAX78000/softfp/libPeriphDriver_softfp.a(uart_revb.o)
                0x1000365c                MXC_UART_RevB_GetRXFIFOAvailable
 .text.MXC_UART_RevB_GetTXFIFOAvailable
                0x10003664        0xc e:/MaximSDK/Libraries/PeriphDrivers/bin/MAX78000/softfp/libPeriphDriver_softfp.a(uart_revb.o)
                0x10003664                MXC_UART_RevB_GetTXFIFOAvailable
 .text.MXC_UART_RevB_SetRXThreshold
                0x10003670       0x3c e:/MaximSDK/Libraries/PeriphDrivers/bin/MAX78000/softfp/libPeriphDriver_softfp.a(uart_revb.o)
                0x10003670                MXC_UART_RevB_SetRXThreshold
 .text.MXC_GPIO_Common_Init
                0x100036ac       0x3c e:/MaximSDK/Libraries/PeriphDrivers/bin/MAX78000/softfp/libPeriphDriver_softfp.a(gpio_common.o)
                0x100036ac                MXC_GPIO_Common_Init
 .text.MXC_GPIO_Common_Handler
                0x100036e8       0x88 e:/MaximSDK/Libraries/PeriphDrivers/bin/MAX78000/softfp/libPeriphDriver_softfp.a(gpio_common.o)
                0x100036e8                MXC_GPIO_Common_Handler
 .text.__errno  0x10003770        0xc e:/maximsdk/tools/gnutools/bin/../lib/gcc/arm-none-eabi/9.2.1/../../../../arm-none-eabi/lib/thumb/v7e-m+fp/softfp\libc.a(lib_a-errno.o)
                0x10003770                __errno
 .text.__libc_init_array
                0x1000377c       0x48 e:/maximsdk/tools/gnutools/bin/../lib/gcc/arm-none-eabi/9.2.1/../../../../arm-none-eabi/lib/thumb/v7e-m+fp/softfp\libc.a(lib_a-init.o)
                0x1000377c                __libc_init_array
 .text._malloc_r
                0x100037c4      0x574 e:/maximsdk/tools/gnutools/bin/../lib/gcc/arm-none-eabi/9.2.1/../../../../arm-none-eabi/lib/thumb/v7e-m+fp/softfp\libc.a(lib_a-mallocr.o)
                0x100037c4                _malloc_r
 .text          0x10003d38      0x134 e:/maximsdk/tools/gnutools/bin/../lib/gcc/arm-none-eabi/9.2.1/../../../../arm-none-eabi/lib/thumb/v7e-m+fp/softfp\libc.a(lib_a-memcpy.o)
                0x10003d38                memcpy
 .text.memset   0x10003e6c       0xa0 e:/maximsdk/tools/gnutools/bin/../lib/gcc/arm-none-eabi/9.2.1/../../../../arm-none-eabi/lib/thumb/v7e-m+fp/softfp\libc.a(lib_a-memset.o)
                0x10003e6c                memset
 .text.__malloc_lock
                0x10003f0c        0xc e:/maximsdk/tools/gnutools/bin/../lib/gcc/arm-none-eabi/9.2.1/../../../../arm-none-eabi/lib/thumb/v7e-m+fp/softfp\libc.a(lib_a-mlock.o)
                0x10003f0c                __malloc_lock
 .text.__malloc_unlock
                0x10003f18        0xc e:/maximsdk/tools/gnutools/bin/../lib/gcc/arm-none-eabi/9.2.1/../../../../arm-none-eabi/lib/thumb/v7e-m+fp/softfp\libc.a(lib_a-mlock.o)
                0x10003f18                __malloc_unlock
 .text.printf   0x10003f24       0x28 e:/maximsdk/tools/gnutools/bin/../lib/gcc/arm-none-eabi/9.2.1/../../../../arm-none-eabi/lib/thumb/v7e-m+fp/softfp\libc.a(lib_a-printf.o)
                0x10003f24                printf
 .text._puts_r  0x10003f4c       0x9c e:/maximsdk/tools/gnutools/bin/../lib/gcc/arm-none-eabi/9.2.1/../../../../arm-none-eabi/lib/thumb/v7e-m+fp/softfp\libc.a(lib_a-puts.o)
                0x10003f4c                _puts_r
 .text.puts     0x10003fe8       0x10 e:/maximsdk/tools/gnutools/bin/../lib/gcc/arm-none-eabi/9.2.1/../../../../arm-none-eabi/lib/thumb/v7e-m+fp/softfp\libc.a(lib_a-puts.o)
                0x10003fe8                puts
 .text._sbrk_r  0x10003ff8       0x24 e:/maximsdk/tools/gnutools/bin/../lib/gcc/arm-none-eabi/9.2.1/../../../../arm-none-eabi/lib/thumb/v7e-m+fp/softfp\libc.a(lib_a-sbrkr.o)
                0x10003ff8                _sbrk_r
 *fill*         0x1000401c       0x24 
 .text          0x10004040       0xdc e:/maximsdk/tools/gnutools/bin/../lib/gcc/arm-none-eabi/9.2.1/../../../../arm-none-eabi/lib/thumb/v7e-m+fp/softfp\libc.a(lib_a-strlen.o)
                0x10004040                strlen
 *fill*         0x1000411c        0x4 
 .text._vfprintf_r
                0x10004120     0x1bdc e:/maximsdk/tools/gnutools/bin/../lib/gcc/arm-none-eabi/9.2.1/../../../../arm-none-eabi/lib/thumb/v7e-m+fp/softfp\libc.a(lib_a-vfprintf.o)
                0x10004120                _vfprintf_r
 .text.__sbprintf
                0x10005cfc       0x84 e:/maximsdk/tools/gnutools/bin/../lib/gcc/arm-none-eabi/9.2.1/../../../../arm-none-eabi/lib/thumb/v7e-m+fp/softfp\libc.a(lib_a-vfprintf.o)
 .text.__swsetup_r
                0x10005d80       0xd0 e:/maximsdk/tools/gnutools/bin/../lib/gcc/arm-none-eabi/9.2.1/../../../../arm-none-eabi/lib/thumb/v7e-m+fp/softfp\libc.a(lib_a-wsetup.o)
                0x10005d80                __swsetup_r
 .text.startup.register_fini
                0x10005e50       0x14 e:/maximsdk/tools/gnutools/bin/../lib/gcc/arm-none-eabi/9.2.1/../../../../arm-none-eabi/lib/thumb/v7e-m+fp/softfp\libc.a(lib_a-__call_atexit.o)
 .text.atexit   0x10005e64        0xc e:/maximsdk/tools/gnutools/bin/../lib/gcc/arm-none-eabi/9.2.1/../../../../arm-none-eabi/lib/thumb/v7e-m+fp/softfp\libc.a(lib_a-atexit.o)
                0x10005e64                atexit
 .text.quorem   0x10005e70      0x11c e:/maximsdk/tools/gnutools/bin/../lib/gcc/arm-none-eabi/9.2.1/../../../../arm-none-eabi/lib/thumb/v7e-m+fp/softfp\libc.a(lib_a-dtoa.o)
 *fill*         0x10005f8c        0x4 
 .text._dtoa_r  0x10005f90      0xeec e:/maximsdk/tools/gnutools/bin/../lib/gcc/arm-none-eabi/9.2.1/../../../../arm-none-eabi/lib/thumb/v7e-m+fp/softfp\libc.a(lib_a-dtoa.o)
                0x10005f90                _dtoa_r
 .text.__sflush_r
                0x10006e7c      0x130 e:/maximsdk/tools/gnutools/bin/../lib/gcc/arm-none-eabi/9.2.1/../../../../arm-none-eabi/lib/thumb/v7e-m+fp/softfp\libc.a(lib_a-fflush.o)
                0x10006e7c                __sflush_r
 .text._fflush_r
                0x10006fac       0x5c e:/maximsdk/tools/gnutools/bin/../lib/gcc/arm-none-eabi/9.2.1/../../../../arm-none-eabi/lib/thumb/v7e-m+fp/softfp\libc.a(lib_a-fflush.o)
                0x10006fac                _fflush_r
 .text.std      0x10007008       0x50 e:/maximsdk/tools/gnutools/bin/../lib/gcc/arm-none-eabi/9.2.1/../../../../arm-none-eabi/lib/thumb/v7e-m+fp/softfp\libc.a(lib_a-findfp.o)
 .text._cleanup_r
                0x10007058        0xc e:/maximsdk/tools/gnutools/bin/../lib/gcc/arm-none-eabi/9.2.1/../../../../arm-none-eabi/lib/thumb/v7e-m+fp/softfp\libc.a(lib_a-findfp.o)
                0x10007058                _cleanup_r
 .text.__sinit  0x10007064       0x54 e:/maximsdk/tools/gnutools/bin/../lib/gcc/arm-none-eabi/9.2.1/../../../../arm-none-eabi/lib/thumb/v7e-m+fp/softfp\libc.a(lib_a-findfp.o)
                0x10007064                __sinit
 .text.__sfp_lock_acquire
                0x100070b8        0xc e:/maximsdk/tools/gnutools/bin/../lib/gcc/arm-none-eabi/9.2.1/../../../../arm-none-eabi/lib/thumb/v7e-m+fp/softfp\libc.a(lib_a-findfp.o)
                0x100070b8                __sfp_lock_acquire
 .text.__sfp_lock_release
                0x100070c4        0xc e:/maximsdk/tools/gnutools/bin/../lib/gcc/arm-none-eabi/9.2.1/../../../../arm-none-eabi/lib/thumb/v7e-m+fp/softfp\libc.a(lib_a-findfp.o)
                0x100070c4                __sfp_lock_release
 .text.__libc_fini_array
                0x100070d0       0x2c e:/maximsdk/tools/gnutools/bin/../lib/gcc/arm-none-eabi/9.2.1/../../../../arm-none-eabi/lib/thumb/v7e-m+fp/softfp\libc.a(lib_a-fini.o)
                0x100070d0                __libc_fini_array
 .text._malloc_trim_r
                0x100070fc       0xa0 e:/maximsdk/tools/gnutools/bin/../lib/gcc/arm-none-eabi/9.2.1/../../../../arm-none-eabi/lib/thumb/v7e-m+fp/softfp\libc.a(lib_a-freer.o)
                0x100070fc                _malloc_trim_r
 .text._free_r  0x1000719c      0x208 e:/maximsdk/tools/gnutools/bin/../lib/gcc/arm-none-eabi/9.2.1/../../../../arm-none-eabi/lib/thumb/v7e-m+fp/softfp\libc.a(lib_a-freer.o)
                0x1000719c                _free_r
 .text.__sfvwrite_r
                0x100073a4      0x2e0 e:/maximsdk/tools/gnutools/bin/../lib/gcc/arm-none-eabi/9.2.1/../../../../arm-none-eabi/lib/thumb/v7e-m+fp/softfp\libc.a(lib_a-fvwrite.o)
                0x100073a4                __sfvwrite_r
 .text._fwalk_reent
                0x10007684       0x48 e:/maximsdk/tools/gnutools/bin/../lib/gcc/arm-none-eabi/9.2.1/../../../../arm-none-eabi/lib/thumb/v7e-m+fp/softfp\libc.a(lib_a-fwalk.o)
                0x10007684                _fwalk_reent
 .text._localeconv_r
                0x100076cc        0x8 e:/maximsdk/tools/gnutools/bin/../lib/gcc/arm-none-eabi/9.2.1/../../../../arm-none-eabi/lib/thumb/v7e-m+fp/softfp\libc.a(lib_a-localeconv.o)
                0x100076cc                _localeconv_r
 .text.__retarget_lock_init_recursive
                0x100076d4        0x4 e:/maximsdk/tools/gnutools/bin/../lib/gcc/arm-none-eabi/9.2.1/../../../../arm-none-eabi/lib/thumb/v7e-m+fp/softfp\libc.a(lib_a-lock.o)
                0x100076d4                __retarget_lock_init_recursive
 .text.__retarget_lock_close_recursive
                0x100076d8        0x4 e:/maximsdk/tools/gnutools/bin/../lib/gcc/arm-none-eabi/9.2.1/../../../../arm-none-eabi/lib/thumb/v7e-m+fp/softfp\libc.a(lib_a-lock.o)
                0x100076d8                __retarget_lock_close_recursive
 .text.__retarget_lock_acquire_recursive
                0x100076dc        0x4 e:/maximsdk/tools/gnutools/bin/../lib/gcc/arm-none-eabi/9.2.1/../../../../arm-none-eabi/lib/thumb/v7e-m+fp/softfp\libc.a(lib_a-lock.o)
                0x100076dc                __retarget_lock_acquire_recursive
 .text.__retarget_lock_release_recursive
                0x100076e0        0x4 e:/maximsdk/tools/gnutools/bin/../lib/gcc/arm-none-eabi/9.2.1/../../../../arm-none-eabi/lib/thumb/v7e-m+fp/softfp\libc.a(lib_a-lock.o)
                0x100076e0                __retarget_lock_release_recursive
 .text.__swhatbuf_r
                0x100076e4       0x5c e:/maximsdk/tools/gnutools/bin/../lib/gcc/arm-none-eabi/9.2.1/../../../../arm-none-eabi/lib/thumb/v7e-m+fp/softfp\libc.a(lib_a-makebuf.o)
                0x100076e4                __swhatbuf_r
 .text.__smakebuf_r
                0x10007740       0x98 e:/maximsdk/tools/gnutools/bin/../lib/gcc/arm-none-eabi/9.2.1/../../../../arm-none-eabi/lib/thumb/v7e-m+fp/softfp\libc.a(lib_a-makebuf.o)
                0x10007740                __smakebuf_r
 *fill*         0x100077d8        0x8 
 .text          0x100077e0       0xa0 e:/maximsdk/tools/gnutools/bin/../lib/gcc/arm-none-eabi/9.2.1/../../../../arm-none-eabi/lib/thumb/v7e-m+fp/softfp\libc.a(lib_a-memchr.o)
                0x100077e0                memchr
 .text.memmove  0x10007880       0xd8 e:/maximsdk/tools/gnutools/bin/../lib/gcc/arm-none-eabi/9.2.1/../../../../arm-none-eabi/lib/thumb/v7e-m+fp/softfp\libc.a(lib_a-memmove.o)
                0x10007880                memmove
 .text._Balloc  0x10007958       0x4c e:/maximsdk/tools/gnutools/bin/../lib/gcc/arm-none-eabi/9.2.1/../../../../arm-none-eabi/lib/thumb/v7e-m+fp/softfp\libc.a(lib_a-mprec.o)
                0x10007958                _Balloc
 .text._Bfree   0x100079a4       0x14 e:/maximsdk/tools/gnutools/bin/../lib/gcc/arm-none-eabi/9.2.1/../../../../arm-none-eabi/lib/thumb/v7e-m+fp/softfp\libc.a(lib_a-mprec.o)
                0x100079a4                _Bfree
 .text.__multadd
                0x100079b8       0x8c e:/maximsdk/tools/gnutools/bin/../lib/gcc/arm-none-eabi/9.2.1/../../../../arm-none-eabi/lib/thumb/v7e-m+fp/softfp\libc.a(lib_a-mprec.o)
                0x100079b8                __multadd
 .text.__hi0bits
                0x10007a44       0x40 e:/maximsdk/tools/gnutools/bin/../lib/gcc/arm-none-eabi/9.2.1/../../../../arm-none-eabi/lib/thumb/v7e-m+fp/softfp\libc.a(lib_a-mprec.o)
                0x10007a44                __hi0bits
 .text.__lo0bits
                0x10007a84       0x60 e:/maximsdk/tools/gnutools/bin/../lib/gcc/arm-none-eabi/9.2.1/../../../../arm-none-eabi/lib/thumb/v7e-m+fp/softfp\libc.a(lib_a-mprec.o)
                0x10007a84                __lo0bits
 .text.__i2b    0x10007ae4       0x14 e:/maximsdk/tools/gnutools/bin/../lib/gcc/arm-none-eabi/9.2.1/../../../../arm-none-eabi/lib/thumb/v7e-m+fp/softfp\libc.a(lib_a-mprec.o)
                0x10007ae4                __i2b
 .text.__multiply
                0x10007af8      0x144 e:/maximsdk/tools/gnutools/bin/../lib/gcc/arm-none-eabi/9.2.1/../../../../arm-none-eabi/lib/thumb/v7e-m+fp/softfp\libc.a(lib_a-mprec.o)
                0x10007af8                __multiply
 .text.__pow5mult
                0x10007c3c       0xa0 e:/maximsdk/tools/gnutools/bin/../lib/gcc/arm-none-eabi/9.2.1/../../../../arm-none-eabi/lib/thumb/v7e-m+fp/softfp\libc.a(lib_a-mprec.o)
                0x10007c3c                __pow5mult
 .text.__lshift
                0x10007cdc       0xd4 e:/maximsdk/tools/gnutools/bin/../lib/gcc/arm-none-eabi/9.2.1/../../../../arm-none-eabi/lib/thumb/v7e-m+fp/softfp\libc.a(lib_a-mprec.o)
                0x10007cdc                __lshift
 .text.__mcmp   0x10007db0       0x3c e:/maximsdk/tools/gnutools/bin/../lib/gcc/arm-none-eabi/9.2.1/../../../../arm-none-eabi/lib/thumb/v7e-m+fp/softfp\libc.a(lib_a-mprec.o)
                0x10007db0                __mcmp
 .text.__mdiff  0x10007dec      0x138 e:/maximsdk/tools/gnutools/bin/../lib/gcc/arm-none-eabi/9.2.1/../../../../arm-none-eabi/lib/thumb/v7e-m+fp/softfp\libc.a(lib_a-mprec.o)
                0x10007dec                __mdiff
 .text.__d2b    0x10007f24       0xbc e:/maximsdk/tools/gnutools/bin/../lib/gcc/arm-none-eabi/9.2.1/../../../../arm-none-eabi/lib/thumb/v7e-m+fp/softfp\libc.a(lib_a-mprec.o)
                0x10007f24                __d2b
 .text._realloc_r
                0x10007fe0      0x3e0 e:/maximsdk/tools/gnutools/bin/../lib/gcc/arm-none-eabi/9.2.1/../../../../arm-none-eabi/lib/thumb/v7e-m+fp/softfp\libc.a(lib_a-reallocr.o)
                0x10007fe0                _realloc_r
 .text.frexp    0x100083c0       0x70 e:/maximsdk/tools/gnutools/bin/../lib/gcc/arm-none-eabi/9.2.1/../../../../arm-none-eabi/lib/thumb/v7e-m+fp/softfp\libc.a(lib_a-s_frexp.o)
                0x100083c0                frexp
 .text.__sread  0x10008430       0x24 e:/maximsdk/tools/gnutools/bin/../lib/gcc/arm-none-eabi/9.2.1/../../../../arm-none-eabi/lib/thumb/v7e-m+fp/softfp\libc.a(lib_a-stdio.o)
                0x10008430                __sread
 .text.__swrite
                0x10008454       0x40 e:/maximsdk/tools/gnutools/bin/../lib/gcc/arm-none-eabi/9.2.1/../../../../arm-none-eabi/lib/thumb/v7e-m+fp/softfp\libc.a(lib_a-stdio.o)
                0x10008454                __swrite
 .text.__sseek  0x10008494       0x20 e:/maximsdk/tools/gnutools/bin/../lib/gcc/arm-none-eabi/9.2.1/../../../../arm-none-eabi/lib/thumb/v7e-m+fp/softfp\libc.a(lib_a-stdio.o)
                0x10008494                __sseek
 .text.__sclose
                0x100084b4        0x8 e:/maximsdk/tools/gnutools/bin/../lib/gcc/arm-none-eabi/9.2.1/../../../../arm-none-eabi/lib/thumb/v7e-m+fp/softfp\libc.a(lib_a-stdio.o)
                0x100084b4                __sclose
 .text.strncpy  0x100084bc       0x68 e:/maximsdk/tools/gnutools/bin/../lib/gcc/arm-none-eabi/9.2.1/../../../../arm-none-eabi/lib/thumb/v7e-m+fp/softfp\libc.a(lib_a-strncpy.o)
                0x100084bc                strncpy
 .text.__sprint_r.part.0
                0x10008524       0x78 e:/maximsdk/tools/gnutools/bin/../lib/gcc/arm-none-eabi/9.2.1/../../../../arm-none-eabi/lib/thumb/v7e-m+fp/softfp\libc.a(lib_a-vfiprintf.o)
 .text.__sprint_r
                0x1000859c       0x18 e:/maximsdk/tools/gnutools/bin/../lib/gcc/arm-none-eabi/9.2.1/../../../../arm-none-eabi/lib/thumb/v7e-m+fp/softfp\libc.a(lib_a-vfiprintf.o)
                0x1000859c                __sprint_r
 .text._write_r
                0x100085b4       0x2c e:/maximsdk/tools/gnutools/bin/../lib/gcc/arm-none-eabi/9.2.1/../../../../arm-none-eabi/lib/thumb/v7e-m+fp/softfp\libc.a(lib_a-writer.o)
                0x100085b4                _write_r
 .text.__register_exitproc
                0x100085e0       0x8c e:/maximsdk/tools/gnutools/bin/../lib/gcc/arm-none-eabi/9.2.1/../../../../arm-none-eabi/lib/thumb/v7e-m+fp/softfp\libc.a(lib_a-__atexit.o)
                0x100085e0                __register_exitproc
 .text._calloc_r
                0x1000866c       0x60 e:/maximsdk/tools/gnutools/bin/../lib/gcc/arm-none-eabi/9.2.1/../../../../arm-none-eabi/lib/thumb/v7e-m+fp/softfp\libc.a(lib_a-callocr.o)
                0x1000866c                _calloc_r
 .text._close_r
                0x100086cc       0x24 e:/maximsdk/tools/gnutools/bin/../lib/gcc/arm-none-eabi/9.2.1/../../../../arm-none-eabi/lib/thumb/v7e-m+fp/softfp\libc.a(lib_a-closer.o)
                0x100086cc                _close_r
 .text._fclose_r
                0x100086f0       0xcc e:/maximsdk/tools/gnutools/bin/../lib/gcc/arm-none-eabi/9.2.1/../../../../arm-none-eabi/lib/thumb/v7e-m+fp/softfp\libc.a(lib_a-fclose.o)
                0x100086f0                _fclose_r
 .text.__fputwc
                0x100087bc       0xa8 e:/maximsdk/tools/gnutools/bin/../lib/gcc/arm-none-eabi/9.2.1/../../../../arm-none-eabi/lib/thumb/v7e-m+fp/softfp\libc.a(lib_a-fputwc.o)
                0x100087bc                __fputwc
 .text._fputwc_r
                0x10008864       0x68 e:/maximsdk/tools/gnutools/bin/../lib/gcc/arm-none-eabi/9.2.1/../../../../arm-none-eabi/lib/thumb/v7e-m+fp/softfp\libc.a(lib_a-fputwc.o)
                0x10008864                _fputwc_r
 .text._fstat_r
                0x100088cc       0x2c e:/maximsdk/tools/gnutools/bin/../lib/gcc/arm-none-eabi/9.2.1/../../../../arm-none-eabi/lib/thumb/v7e-m+fp/softfp\libc.a(lib_a-fstatr.o)
                0x100088cc                _fstat_r
 .text._isatty_r
                0x100088f8       0x24 e:/maximsdk/tools/gnutools/bin/../lib/gcc/arm-none-eabi/9.2.1/../../../../arm-none-eabi/lib/thumb/v7e-m+fp/softfp\libc.a(lib_a-isattyr.o)
                0x100088f8                _isatty_r
 .text.__locale_mb_cur_max
                0x1000891c        0xc e:/maximsdk/tools/gnutools/bin/../lib/gcc/arm-none-eabi/9.2.1/../../../../arm-none-eabi/lib/thumb/v7e-m+fp/softfp\libc.a(lib_a-locale.o)
                0x1000891c                __locale_mb_cur_max
 .text._lseek_r
                0x10008928       0x2c e:/maximsdk/tools/gnutools/bin/../lib/gcc/arm-none-eabi/9.2.1/../../../../arm-none-eabi/lib/thumb/v7e-m+fp/softfp\libc.a(lib_a-lseekr.o)
                0x10008928                _lseek_r
 .text.__ascii_mbtowc
                0x10008954       0x2c e:/maximsdk/tools/gnutools/bin/../lib/gcc/arm-none-eabi/9.2.1/../../../../arm-none-eabi/lib/thumb/v7e-m+fp/softfp\libc.a(lib_a-mbtowc_r.o)
                0x10008954                __ascii_mbtowc
 .text._read_r  0x10008980       0x2c e:/maximsdk/tools/gnutools/bin/../lib/gcc/arm-none-eabi/9.2.1/../../../../arm-none-eabi/lib/thumb/v7e-m+fp/softfp\libc.a(lib_a-readr.o)
                0x10008980                _read_r
 .text.__swbuf_r
                0x100089ac       0xb0 e:/maximsdk/tools/gnutools/bin/../lib/gcc/arm-none-eabi/9.2.1/../../../../arm-none-eabi/lib/thumb/v7e-m+fp/softfp\libc.a(lib_a-wbuf.o)
                0x100089ac                __swbuf_r
 .text._wcrtomb_r
                0x10008a5c       0x3c e:/maximsdk/tools/gnutools/bin/../lib/gcc/arm-none-eabi/9.2.1/../../../../arm-none-eabi/lib/thumb/v7e-m+fp/softfp\libc.a(lib_a-wcrtomb.o)
                0x10008a5c                _wcrtomb_r
 .text.__ascii_wctomb
                0x10008a98       0x1c e:/maximsdk/tools/gnutools/bin/../lib/gcc/arm-none-eabi/9.2.1/../../../../arm-none-eabi/lib/thumb/v7e-m+fp/softfp\libc.a(lib_a-wctomb_r.o)
                0x10008a98                __ascii_wctomb
 .text          0x10008ab4      0x378 e:/maximsdk/tools/gnutools/bin/../lib/gcc/arm-none-eabi/9.2.1/thumb/v7e-m+fp/softfp\libgcc.a(_arm_addsubdf3.o)
                0x10008ab4                __aeabi_drsub
                0x10008abc                __aeabi_dsub
                0x10008abc                __subdf3
                0x10008ac0                __aeabi_dadd
                0x10008ac0                __adddf3
                0x10008d38                __floatunsidf
                0x10008d38                __aeabi_ui2d
                0x10008d58                __floatsidf
                0x10008d58                __aeabi_i2d
                0x10008d7c                __aeabi_f2d
                0x10008d7c                __extendsfdf2
                0x10008dc0                __floatundidf
                0x10008dc0                __aeabi_ul2d
                0x10008dd0                __floatdidf
                0x10008dd0                __aeabi_l2d
 .text          0x10008e2c      0x424 e:/maximsdk/tools/gnutools/bin/../lib/gcc/arm-none-eabi/9.2.1/thumb/v7e-m+fp/softfp\libgcc.a(_arm_muldivdf3.o)
                0x10008e2c                __aeabi_dmul
                0x10008e2c                __muldf3
                0x10009080                __divdf3
                0x10009080                __aeabi_ddiv
 .text          0x10009250      0x110 e:/maximsdk/tools/gnutools/bin/../lib/gcc/arm-none-eabi/9.2.1/thumb/v7e-m+fp/softfp\libgcc.a(_arm_cmpdf2.o)
                0x10009250                __gtdf2
                0x10009250                __gedf2
                0x10009258                __ltdf2
                0x10009258                __ledf2
                0x10009260                __nedf2
                0x10009260                __eqdf2
                0x10009260                __cmpdf2
                0x100092dc                __aeabi_cdrcmple
                0x100092ec                __aeabi_cdcmpeq
                0x100092ec                __aeabi_cdcmple
                0x100092fc                __aeabi_dcmpeq
                0x10009310                __aeabi_dcmplt
                0x10009324                __aeabi_dcmple
                0x10009338                __aeabi_dcmpge
                0x1000934c                __aeabi_dcmpgt
 .text          0x10009360       0x2c e:/maximsdk/tools/gnutools/bin/../lib/gcc/arm-none-eabi/9.2.1/thumb/v7e-m+fp/softfp\libgcc.a(_arm_unorddf2.o)
                0x10009360                __unorddf2
                0x10009360                __aeabi_dcmpun
 .text          0x1000938c       0x50 e:/maximsdk/tools/gnutools/bin/../lib/gcc/arm-none-eabi/9.2.1/thumb/v7e-m+fp/softfp\libgcc.a(_arm_fixdfsi.o)
                0x1000938c                __aeabi_d2iz
                0x1000938c                __fixdfsi
 .text          0x100093dc       0xa0 e:/maximsdk/tools/gnutools/bin/../lib/gcc/arm-none-eabi/9.2.1/thumb/v7e-m+fp/softfp\libgcc.a(_aeabi_ldivmod.o)
                0x100093dc                __aeabi_ldivmod
 .text          0x1000947c       0x30 e:/maximsdk/tools/gnutools/bin/../lib/gcc/arm-none-eabi/9.2.1/thumb/v7e-m+fp/softfp\libgcc.a(_aeabi_uldivmod.o)
                0x1000947c                __aeabi_uldivmod
 .text          0x100094ac      0x2c4 e:/maximsdk/tools/gnutools/bin/../lib/gcc/arm-none-eabi/9.2.1/thumb/v7e-m+fp/softfp\libgcc.a(_udivmoddi4.o)
                0x100094ac                __udivmoddi4
 .text          0x10009770        0x4 e:/maximsdk/tools/gnutools/bin/../lib/gcc/arm-none-eabi/9.2.1/thumb/v7e-m+fp/softfp\libgcc.a(_dvmd_tls.o)
                0x10009770                __aeabi_idiv0
                0x10009770                __aeabi_ldiv0
 *(.rodata*)
 .rodata.fail.str1.4
                0x10009774        0xf e:/MaximSDK/Examples/MAX78000/CNN/ai85-fpr/build/main.o
 *fill*         0x10009783        0x1 
 .rodata.main.str1.4
                0x10009784       0x88 e:/MaximSDK/Examples/MAX78000/CNN/ai85-fpr/build/main.o
 .rodata        0x1000980c      0x230 e:/MaximSDK/Examples/MAX78000/CNN/ai85-fpr/build/main.o
 .rodata.input_0
                0x10009a3c     0x4000 e:/MaximSDK/Examples/MAX78000/CNN/ai85-fpr/build/main.o
 .rodata.bias_0
                0x1000da3c       0x64 e:/MaximSDK/Examples/MAX78000/CNN/ai85-fpr/build/cnn.o
 .rodata.kernels_0
                0x1000daa0      0x858 e:/MaximSDK/Examples/MAX78000/CNN/ai85-fpr/build/cnn.o
 .rodata.kernels_1
                0x1000e2f8      0x7c8 e:/MaximSDK/Examples/MAX78000/CNN/ai85-fpr/build/cnn.o
 .rodata.kernels_10
                0x1000eac0      0x7c8 e:/MaximSDK/Examples/MAX78000/CNN/ai85-fpr/build/cnn.o
 .rodata.kernels_11
                0x1000f288      0x7c8 e:/MaximSDK/Examples/MAX78000/CNN/ai85-fpr/build/cnn.o
 .rodata.kernels_12
                0x1000fa50      0x7c8 e:/MaximSDK/Examples/MAX78000/CNN/ai85-fpr/build/cnn.o
 .rodata.kernels_13
                0x10010218      0x7c8 e:/MaximSDK/Examples/MAX78000/CNN/ai85-fpr/build/cnn.o
 .rodata.kernels_14
                0x100109e0      0x7c8 e:/MaximSDK/Examples/MAX78000/CNN/ai85-fpr/build/cnn.o
 .rodata.kernels_15
                0x100111a8      0x7c8 e:/MaximSDK/Examples/MAX78000/CNN/ai85-fpr/build/cnn.o
 .rodata.kernels_16
                0x10011970      0x7c8 e:/MaximSDK/Examples/MAX78000/CNN/ai85-fpr/build/cnn.o
 .rodata.kernels_17
                0x10012138      0x7c8 e:/MaximSDK/Examples/MAX78000/CNN/ai85-fpr/build/cnn.o
 .rodata.kernels_18
                0x10012900      0x7c8 e:/MaximSDK/Examples/MAX78000/CNN/ai85-fpr/build/cnn.o
 .rodata.kernels_19
                0x100130c8      0x7c8 e:/MaximSDK/Examples/MAX78000/CNN/ai85-fpr/build/cnn.o
 .rodata.kernels_2
                0x10013890      0x7c8 e:/MaximSDK/Examples/MAX78000/CNN/ai85-fpr/build/cnn.o
 .rodata.kernels_20
                0x10014058      0x858 e:/MaximSDK/Examples/MAX78000/CNN/ai85-fpr/build/cnn.o
 .rodata.kernels_21
                0x100148b0      0x858 e:/MaximSDK/Examples/MAX78000/CNN/ai85-fpr/build/cnn.o
 .rodata.kernels_22
                0x10015108      0x858 e:/MaximSDK/Examples/MAX78000/CNN/ai85-fpr/build/cnn.o
 .rodata.kernels_23
                0x10015960      0x858 e:/MaximSDK/Examples/MAX78000/CNN/ai85-fpr/build/cnn.o
 .rodata.kernels_24
                0x100161b8      0x858 e:/MaximSDK/Examples/MAX78000/CNN/ai85-fpr/build/cnn.o
 .rodata.kernels_25
                0x10016a10      0x858 e:/MaximSDK/Examples/MAX78000/CNN/ai85-fpr/build/cnn.o
 .rodata.kernels_26
                0x10017268      0x858 e:/MaximSDK/Examples/MAX78000/CNN/ai85-fpr/build/cnn.o
 .rodata.kernels_27
                0x10017ac0      0x858 e:/MaximSDK/Examples/MAX78000/CNN/ai85-fpr/build/cnn.o
 .rodata.kernels_28
                0x10018318      0x858 e:/MaximSDK/Examples/MAX78000/CNN/ai85-fpr/build/cnn.o
 .rodata.kernels_29
                0x10018b70      0x858 e:/MaximSDK/Examples/MAX78000/CNN/ai85-fpr/build/cnn.o
 .rodata.kernels_3
                0x100193c8      0x7c8 e:/MaximSDK/Examples/MAX78000/CNN/ai85-fpr/build/cnn.o
 .rodata.kernels_30
                0x10019b90      0x858 e:/MaximSDK/Examples/MAX78000/CNN/ai85-fpr/build/cnn.o
 .rodata.kernels_31
                0x1001a3e8      0x858 e:/MaximSDK/Examples/MAX78000/CNN/ai85-fpr/build/cnn.o
 .rodata.kernels_32
                0x1001ac40      0x6c0 e:/MaximSDK/Examples/MAX78000/CNN/ai85-fpr/build/cnn.o
 .rodata.kernels_33
                0x1001b300      0x6c0 e:/MaximSDK/Examples/MAX78000/CNN/ai85-fpr/build/cnn.o
 .rodata.kernels_34
                0x1001b9c0      0x6c0 e:/MaximSDK/Examples/MAX78000/CNN/ai85-fpr/build/cnn.o
 .rodata.kernels_35
                0x1001c080      0x6c0 e:/MaximSDK/Examples/MAX78000/CNN/ai85-fpr/build/cnn.o
 .rodata.kernels_36
                0x1001c740      0x6c0 e:/MaximSDK/Examples/MAX78000/CNN/ai85-fpr/build/cnn.o
 .rodata.kernels_37
                0x1001ce00      0x6c0 e:/MaximSDK/Examples/MAX78000/CNN/ai85-fpr/build/cnn.o
 .rodata.kernels_38
                0x1001d4c0      0x6c0 e:/MaximSDK/Examples/MAX78000/CNN/ai85-fpr/build/cnn.o
 .rodata.kernels_39
                0x1001db80      0x6c0 e:/MaximSDK/Examples/MAX78000/CNN/ai85-fpr/build/cnn.o
 .rodata.kernels_4
                0x1001e240      0x7c8 e:/MaximSDK/Examples/MAX78000/CNN/ai85-fpr/build/cnn.o
 .rodata.kernels_40
                0x1001ea08      0x480 e:/MaximSDK/Examples/MAX78000/CNN/ai85-fpr/build/cnn.o
 .rodata.kernels_41
                0x1001ee88      0x480 e:/MaximSDK/Examples/MAX78000/CNN/ai85-fpr/build/cnn.o
 .rodata.kernels_42
                0x1001f308      0x480 e:/MaximSDK/Examples/MAX78000/CNN/ai85-fpr/build/cnn.o
 .rodata.kernels_43
                0x1001f788      0x480 e:/MaximSDK/Examples/MAX78000/CNN/ai85-fpr/build/cnn.o
 .rodata.kernels_44
                0x1001fc08      0x6c0 e:/MaximSDK/Examples/MAX78000/CNN/ai85-fpr/build/cnn.o
 .rodata.kernels_45
                0x100202c8      0x6c0 e:/MaximSDK/Examples/MAX78000/CNN/ai85-fpr/build/cnn.o
 .rodata.kernels_46
                0x10020988      0x6c0 e:/MaximSDK/Examples/MAX78000/CNN/ai85-fpr/build/cnn.o
 .rodata.kernels_47
                0x10021048      0x6c0 e:/MaximSDK/Examples/MAX78000/CNN/ai85-fpr/build/cnn.o
 .rodata.kernels_48
                0x10021708      0x168 e:/MaximSDK/Examples/MAX78000/CNN/ai85-fpr/build/cnn.o
 .rodata.kernels_49
                0x10021870      0x168 e:/MaximSDK/Examples/MAX78000/CNN/ai85-fpr/build/cnn.o
 .rodata.kernels_5
                0x100219d8      0x7c8 e:/MaximSDK/Examples/MAX78000/CNN/ai85-fpr/build/cnn.o
 .rodata.kernels_50
                0x100221a0      0x168 e:/MaximSDK/Examples/MAX78000/CNN/ai85-fpr/build/cnn.o
 .rodata.kernels_51
                0x10022308      0x168 e:/MaximSDK/Examples/MAX78000/CNN/ai85-fpr/build/cnn.o
 .rodata.kernels_52
                0x10022470      0x168 e:/MaximSDK/Examples/MAX78000/CNN/ai85-fpr/build/cnn.o
 .rodata.kernels_53
                0x100225d8      0x168 e:/MaximSDK/Examples/MAX78000/CNN/ai85-fpr/build/cnn.o
 .rodata.kernels_54
                0x10022740      0x168 e:/MaximSDK/Examples/MAX78000/CNN/ai85-fpr/build/cnn.o
 .rodata.kernels_55
                0x100228a8      0x168 e:/MaximSDK/Examples/MAX78000/CNN/ai85-fpr/build/cnn.o
 .rodata.kernels_56
                0x10022a10      0x168 e:/MaximSDK/Examples/MAX78000/CNN/ai85-fpr/build/cnn.o
 .rodata.kernels_57
                0x10022b78      0x168 e:/MaximSDK/Examples/MAX78000/CNN/ai85-fpr/build/cnn.o
 .rodata.kernels_58
                0x10022ce0      0x168 e:/MaximSDK/Examples/MAX78000/CNN/ai85-fpr/build/cnn.o
 .rodata.kernels_59
                0x10022e48      0x168 e:/MaximSDK/Examples/MAX78000/CNN/ai85-fpr/build/cnn.o
 .rodata.kernels_6
                0x10022fb0      0x7c8 e:/MaximSDK/Examples/MAX78000/CNN/ai85-fpr/build/cnn.o
 .rodata.kernels_60
                0x10023778       0xb4 e:/MaximSDK/Examples/MAX78000/CNN/ai85-fpr/build/cnn.o
 .rodata.kernels_61
                0x1002382c       0xb4 e:/MaximSDK/Examples/MAX78000/CNN/ai85-fpr/build/cnn.o
 .rodata.kernels_62
                0x100238e0       0xb4 e:/MaximSDK/Examples/MAX78000/CNN/ai85-fpr/build/cnn.o
 .rodata.kernels_63
                0x10023994       0xb4 e:/MaximSDK/Examples/MAX78000/CNN/ai85-fpr/build/cnn.o
 .rodata.kernels_7
                0x10023a48      0x7c8 e:/MaximSDK/Examples/MAX78000/CNN/ai85-fpr/build/cnn.o
 .rodata.kernels_8
                0x10024210      0x7c8 e:/MaximSDK/Examples/MAX78000/CNN/ai85-fpr/build/cnn.o
 .rodata.kernels_9
                0x100249d8      0x7c8 e:/MaximSDK/Examples/MAX78000/CNN/ai85-fpr/build/cnn.o
 .rodata.mxc_assert.str1.4
                0x100251a0       0x19 e:/MaximSDK/Examples/MAX78000/CNN/ai85-fpr/build/board.o
 *fill*         0x100251b9        0x3 
 .rodata.Board_Init.str1.4
                0x100251bc       0x45 e:/MaximSDK/Examples/MAX78000/CNN/ai85-fpr/build/board.o
 *fill*         0x10025201        0x3 
 .rodata.led_pin
                0x10025204       0x18 e:/MaximSDK/Examples/MAX78000/CNN/ai85-fpr/build/board.o
                0x10025204                led_pin
 .rodata.num_leds
                0x1002521c        0x4 e:/MaximSDK/Examples/MAX78000/CNN/ai85-fpr/build/board.o
                0x1002521c                num_leds
 .rodata.num_pbs
                0x10025220        0x4 e:/MaximSDK/Examples/MAX78000/CNN/ai85-fpr/build/board.o
                0x10025220                num_pbs
 .rodata.pb_pin
                0x10025224       0x18 e:/MaximSDK/Examples/MAX78000/CNN/ai85-fpr/build/board.o
                0x10025224                pb_pin
 .rodata.LED_On.str1.4
                0x1002523c       0x4f e:/MaximSDK/Examples/MAX78000/CNN/ai85-fpr/build/led.o
 *fill*         0x1002528b        0x1 
 .rodata.gpio_cfg_uart0
                0x1002528c        0xc e:/MaximSDK/Libraries/PeriphDrivers/bin/MAX78000/softfp/libPeriphDriver_softfp.a(pins_ai85.o)
                0x1002528c                gpio_cfg_uart0
 .rodata.gpio_cfg_uart1
                0x10025298        0xc e:/MaximSDK/Libraries/PeriphDrivers/bin/MAX78000/softfp/libPeriphDriver_softfp.a(pins_ai85.o)
                0x10025298                gpio_cfg_uart1
 .rodata.gpio_cfg_uart2
                0x100252a4        0xc e:/MaximSDK/Libraries/PeriphDrivers/bin/MAX78000/softfp/libPeriphDriver_softfp.a(pins_ai85.o)
                0x100252a4                gpio_cfg_uart2
 .rodata.gpio_cfg_uart3
                0x100252b0        0xc e:/MaximSDK/Libraries/PeriphDrivers/bin/MAX78000/softfp/libPeriphDriver_softfp.a(pins_ai85.o)
                0x100252b0                gpio_cfg_uart3
 .rodata.MXC_GPIO_Common_Handler.str1.4
                0x100252bc       0x62 e:/MaximSDK/Libraries/PeriphDrivers/bin/MAX78000/softfp/libPeriphDriver_softfp.a(gpio_common.o)
 *fill*         0x1002531e        0x2 
 .rodata._global_impure_ptr
                0x10025320        0x4 e:/maximsdk/tools/gnutools/bin/../lib/gcc/arm-none-eabi/9.2.1/../../../../arm-none-eabi/lib/thumb/v7e-m+fp/softfp\libc.a(lib_a-impure.o)
                0x10025320                _global_impure_ptr
 .rodata._puts_r.str1.4
                0x10025324        0x2 e:/maximsdk/tools/gnutools/bin/../lib/gcc/arm-none-eabi/9.2.1/../../../../arm-none-eabi/lib/thumb/v7e-m+fp/softfp\libc.a(lib_a-puts.o)
 *fill*         0x10025326        0x2 
 .rodata._vfprintf_r.str1.4
                0x10025328       0x42 e:/maximsdk/tools/gnutools/bin/../lib/gcc/arm-none-eabi/9.2.1/../../../../arm-none-eabi/lib/thumb/v7e-m+fp/softfp\libc.a(lib_a-vfprintf.o)
 *fill*         0x1002536a        0x2 
 .rodata.blanks.8723
                0x1002536c       0x10 e:/maximsdk/tools/gnutools/bin/../lib/gcc/arm-none-eabi/9.2.1/../../../../arm-none-eabi/lib/thumb/v7e-m+fp/softfp\libc.a(lib_a-vfprintf.o)
 .rodata.zeroes.8724
                0x1002537c       0x10 e:/maximsdk/tools/gnutools/bin/../lib/gcc/arm-none-eabi/9.2.1/../../../../arm-none-eabi/lib/thumb/v7e-m+fp/softfp\libc.a(lib_a-vfprintf.o)
 .rodata._dtoa_r.str1.4
                0x1002538c        0xd e:/maximsdk/tools/gnutools/bin/../lib/gcc/arm-none-eabi/9.2.1/../../../../arm-none-eabi/lib/thumb/v7e-m+fp/softfp\libc.a(lib_a-dtoa.o)
                                 0x12 (size before relaxing)
 *fill*         0x10025399        0x7 
 .rodata.__mprec_bigtens
                0x100253a0       0x28 e:/maximsdk/tools/gnutools/bin/../lib/gcc/arm-none-eabi/9.2.1/../../../../arm-none-eabi/lib/thumb/v7e-m+fp/softfp\libc.a(lib_a-mprec.o)
                0x100253a0                __mprec_bigtens
 .rodata.__mprec_tens
                0x100253c8       0xc8 e:/maximsdk/tools/gnutools/bin/../lib/gcc/arm-none-eabi/9.2.1/../../../../arm-none-eabi/lib/thumb/v7e-m+fp/softfp\libc.a(lib_a-mprec.o)
                0x100253c8                __mprec_tens
 .rodata.p05.7478
                0x10025490        0xc e:/maximsdk/tools/gnutools/bin/../lib/gcc/arm-none-eabi/9.2.1/../../../../arm-none-eabi/lib/thumb/v7e-m+fp/softfp\libc.a(lib_a-mprec.o)
 .rodata._setlocale_r.str1.4
                0x1002549c        0xa e:/maximsdk/tools/gnutools/bin/../lib/gcc/arm-none-eabi/9.2.1/../../../../arm-none-eabi/lib/thumb/v7e-m+fp/softfp\libc.a(lib_a-locale.o)
                                  0xd (size before relaxing)
 *fill*         0x100254a6        0x2 
 .rodata.str1.4
                0x100254a8        0x2 e:/maximsdk/tools/gnutools/bin/../lib/gcc/arm-none-eabi/9.2.1/../../../../arm-none-eabi/lib/thumb/v7e-m+fp/softfp\libc.a(lib_a-locale.o)
 *fill*         0x100254aa        0x2 
 .rodata._ctype_
                0x100254ac      0x101 e:/maximsdk/tools/gnutools/bin/../lib/gcc/arm-none-eabi/9.2.1/../../../../arm-none-eabi/lib/thumb/v7e-m+fp/softfp\libc.a(lib_a-ctype_.o)
                0x100254ac                _ctype_
 *(.init)
 *fill*         0x100255ad        0x3 
 .init          0x100255b0        0x4 e:/maximsdk/tools/gnutools/bin/../lib/gcc/arm-none-eabi/9.2.1/thumb/v7e-m+fp/softfp/crti.o
                0x100255b0                _init
 .init          0x100255b4        0x8 e:/maximsdk/tools/gnutools/bin/../lib/gcc/arm-none-eabi/9.2.1/thumb/v7e-m+fp/softfp/crtn.o
 *(.fini)
 .fini          0x100255bc        0x4 e:/maximsdk/tools/gnutools/bin/../lib/gcc/arm-none-eabi/9.2.1/thumb/v7e-m+fp/softfp/crti.o
                0x100255bc                _fini
 .fini          0x100255c0        0x8 e:/maximsdk/tools/gnutools/bin/../lib/gcc/arm-none-eabi/9.2.1/thumb/v7e-m+fp/softfp/crtn.o
 *(.eh_frame*)
 .eh_frame      0x100255c8        0x0 e:/maximsdk/tools/gnutools/bin/../lib/gcc/arm-none-eabi/9.2.1/thumb/v7e-m+fp/softfp/crtbegin.o
 .eh_frame      0x100255c8        0x4 e:/maximsdk/tools/gnutools/bin/../lib/gcc/arm-none-eabi/9.2.1/thumb/v7e-m+fp/softfp/crtend.o
                0x100255cc                _etext = .

.glue_7         0x100255cc        0x0
 .glue_7        0x100255cc        0x0 linker stubs

.glue_7t        0x100255cc        0x0
 .glue_7t       0x100255cc        0x0 linker stubs

.vfp11_veneer   0x100255cc        0x0
 .vfp11_veneer  0x100255cc        0x0 linker stubs

.v4_bx          0x100255cc        0x0
 .v4_bx         0x100255cc        0x0 linker stubs

.iplt           0x100255cc        0x0
 .iplt          0x100255cc        0x0 e:/maximsdk/tools/gnutools/bin/../lib/gcc/arm-none-eabi/9.2.1/thumb/v7e-m+fp/softfp/crtbegin.o

.bin_storage    0x100255cc        0x0
 FILL mask 0xff
                0x100255cc                _bin_start_ = .
 *(.bin_storage_img)
                0x100255cc                _bin_end_ = .
                0x100255cc                . = ALIGN (0x4)

.rom_code       0x00000000        0x0
                0x00000000                . = ALIGN (0x10)
                0x20000000                _sran_code = .
 *(.rom_code_section)
                0x20000000                _esran_code = .

.flash_code     0x100255cc        0x4
                0x100255d0                . = ALIGN (0x10)
 *fill*         0x100255cc        0x4 
                0x20000000                _sran_code = .
 *(.flash_code_section)
                0x20000000                _esran_code = .

.sram_code      0x20000000        0x0
                0x20000000                . = ALIGN (0x10)
                0x20000000                _sran_code = .
 *(.sram_code_section)
                0x20000000                _esran_code = .

.ARM.exidx      0x100255d0        0x8
                0x100255d0                __exidx_start = .
 *(.ARM.exidx*)
 .ARM.exidx     0x100255d0        0x8 e:/maximsdk/tools/gnutools/bin/../lib/gcc/arm-none-eabi/9.2.1/thumb/v7e-m+fp/softfp\libgcc.a(_udivmoddi4.o)
                0x100255d8                __exidx_end = .

.rel.dyn        0x100255d8        0x0
 .rel.iplt      0x100255d8        0x0 e:/maximsdk/tools/gnutools/bin/../lib/gcc/arm-none-eabi/9.2.1/thumb/v7e-m+fp/softfp/crtbegin.o

.data           0x20000000      0x9c4 load address 0x100255d8
                0x20000000                _data = ALIGN (., 0x4)
 *(.data*)
 .data.ConsoleUart
                0x20000000        0x4 e:/MaximSDK/Examples/MAX78000/CNN/ai85-fpr/build/board.o
                0x20000000                ConsoleUart
 .data.overflows
                0x20000004        0x4 e:/MaximSDK/Libraries/PeriphDrivers/bin/MAX78000/softfp/libPeriphDriver_softfp.a(mxc_delay.o)
 .data._impure_ptr
                0x20000008        0x4 e:/maximsdk/tools/gnutools/bin/../lib/gcc/arm-none-eabi/9.2.1/../../../../arm-none-eabi/lib/thumb/v7e-m+fp/softfp\libc.a(lib_a-impure.o)
                0x20000008                _impure_ptr
 *fill*         0x2000000c        0x4 
 .data.impure_data
                0x20000010      0x428 e:/maximsdk/tools/gnutools/bin/../lib/gcc/arm-none-eabi/9.2.1/../../../../arm-none-eabi/lib/thumb/v7e-m+fp/softfp\libc.a(lib_a-impure.o)
 .data.__malloc_av_
                0x20000438      0x408 e:/maximsdk/tools/gnutools/bin/../lib/gcc/arm-none-eabi/9.2.1/../../../../arm-none-eabi/lib/thumb/v7e-m+fp/softfp\libc.a(lib_a-mallocr.o)
                0x20000438                __malloc_av_
 .data.__malloc_sbrk_base
                0x20000840        0x4 e:/maximsdk/tools/gnutools/bin/../lib/gcc/arm-none-eabi/9.2.1/../../../../arm-none-eabi/lib/thumb/v7e-m+fp/softfp\libc.a(lib_a-mallocr.o)
                0x20000840                __malloc_sbrk_base
 .data.__malloc_trim_threshold
                0x20000844        0x4 e:/maximsdk/tools/gnutools/bin/../lib/gcc/arm-none-eabi/9.2.1/../../../../arm-none-eabi/lib/thumb/v7e-m+fp/softfp\libc.a(lib_a-mallocr.o)
                0x20000844                __malloc_trim_threshold
 .data.__atexit_recursive_mutex
                0x20000848        0x4 e:/maximsdk/tools/gnutools/bin/../lib/gcc/arm-none-eabi/9.2.1/../../../../arm-none-eabi/lib/thumb/v7e-m+fp/softfp\libc.a(lib_a-__call_atexit.o)
                0x20000848                __atexit_recursive_mutex
 .data.__global_locale
                0x2000084c      0x16c e:/maximsdk/tools/gnutools/bin/../lib/gcc/arm-none-eabi/9.2.1/../../../../arm-none-eabi/lib/thumb/v7e-m+fp/softfp\libc.a(lib_a-locale.o)
                0x2000084c                __global_locale
                0x200009b8                . = ALIGN (0x4)
                0x200009b8                PROVIDE (__preinit_array_start = .)
 *(.preinit_array)
                0x200009b8                PROVIDE (__preinit_array_end = .)
                0x200009b8                . = ALIGN (0x4)
                0x200009b8                PROVIDE (__init_array_start = .)
 *(SORT_BY_NAME(.init_array.*))
 .init_array.00000
                0x200009b8        0x4 e:/maximsdk/tools/gnutools/bin/../lib/gcc/arm-none-eabi/9.2.1/../../../../arm-none-eabi/lib/thumb/v7e-m+fp/softfp\libc.a(lib_a-__call_atexit.o)
 *(.init_array)
 .init_array    0x200009bc        0x4 e:/maximsdk/tools/gnutools/bin/../lib/gcc/arm-none-eabi/9.2.1/thumb/v7e-m+fp/softfp/crtbegin.o
                0x200009c0                PROVIDE (__init_array_end = .)
                0x200009c0                . = ALIGN (0x4)
                0x200009c0                PROVIDE (__fini_array_start = .)
 *(SORT_BY_NAME(.fini_array.*))
 *(.fini_array)
 .fini_array    0x200009c0        0x4 e:/maximsdk/tools/gnutools/bin/../lib/gcc/arm-none-eabi/9.2.1/thumb/v7e-m+fp/softfp/crtbegin.o
                0x200009c4                PROVIDE (__fini_array_end = .)
                0x200009c4                _edata = ALIGN (., 0x4)
                0x100255d8                __load_data = LOADADDR (.data)

.igot.plt       0x200009c4        0x0 load address 0x10025f9c
 .igot.plt      0x200009c4        0x0 e:/maximsdk/tools/gnutools/bin/../lib/gcc/arm-none-eabi/9.2.1/thumb/v7e-m+fp/softfp/crtbegin.o

.bss            0x20000a00      0xa44 load address 0x10025f9c
                0x20000a00                . = ALIGN (0x4)
                0x20000a00                _bss = .
 *(.bss*)
 .bss           0x20000a00       0x1c e:/maximsdk/tools/gnutools/bin/../lib/gcc/arm-none-eabi/9.2.1/thumb/v7e-m+fp/softfp/crtbegin.o
 .bss.ml_data   0x20000a1c      0x190 e:/MaximSDK/Examples/MAX78000/CNN/ai85-fpr/build/main.o
 .bss.ml_softmax
                0x20000bac       0xc8 e:/MaximSDK/Examples/MAX78000/CNN/ai85-fpr/build/main.o
 .bss.heap_end  0x20000c74        0x4 e:/MaximSDK/Examples/MAX78000/CNN/ai85-fpr/build/heap.o
 .bss.cbFunc    0x20000c78        0x4 e:/MaximSDK/Libraries/PeriphDrivers/bin/MAX78000/softfp/libPeriphDriver_softfp.a(mxc_delay.o)
 .bss.ctrl_save
                0x20000c7c        0x4 e:/MaximSDK/Libraries/PeriphDrivers/bin/MAX78000/softfp/libPeriphDriver_softfp.a(mxc_delay.o)
 .bss.endtick   0x20000c80        0x4 e:/MaximSDK/Libraries/PeriphDrivers/bin/MAX78000/softfp/libPeriphDriver_softfp.a(mxc_delay.o)
 *fill*         0x20000c84      0x17c 
 .bss.ramVectorTable
                0x20000e00      0x1e0 e:/MaximSDK/Libraries/PeriphDrivers/bin/MAX78000/softfp/libPeriphDriver_softfp.a(nvic_table.o)
 .bss.callback  0x20000fe0      0x200 e:/MaximSDK/Libraries/PeriphDrivers/bin/MAX78000/softfp/libPeriphDriver_softfp.a(gpio_common.o)
 .bss.cbparam   0x200011e0      0x200 e:/MaximSDK/Libraries/PeriphDrivers/bin/MAX78000/softfp/libPeriphDriver_softfp.a(gpio_common.o)
 .bss.initialized
                0x200013e0        0x1 e:/MaximSDK/Libraries/PeriphDrivers/bin/MAX78000/softfp/libPeriphDriver_softfp.a(gpio_common.o)
 *fill*         0x200013e1        0x3 
 .bss.__malloc_current_mallinfo
                0x200013e4       0x28 e:/maximsdk/tools/gnutools/bin/../lib/gcc/arm-none-eabi/9.2.1/../../../../arm-none-eabi/lib/thumb/v7e-m+fp/softfp\libc.a(lib_a-mallocr.o)
                0x200013e4                __malloc_current_mallinfo
 .bss.__malloc_max_sbrked_mem
                0x2000140c        0x4 e:/maximsdk/tools/gnutools/bin/../lib/gcc/arm-none-eabi/9.2.1/../../../../arm-none-eabi/lib/thumb/v7e-m+fp/softfp\libc.a(lib_a-mallocr.o)
                0x2000140c                __malloc_max_sbrked_mem
 .bss.__malloc_max_total_mem
                0x20001410        0x4 e:/maximsdk/tools/gnutools/bin/../lib/gcc/arm-none-eabi/9.2.1/../../../../arm-none-eabi/lib/thumb/v7e-m+fp/softfp\libc.a(lib_a-mallocr.o)
                0x20001410                __malloc_max_total_mem
 .bss.__malloc_top_pad
                0x20001414        0x4 e:/maximsdk/tools/gnutools/bin/../lib/gcc/arm-none-eabi/9.2.1/../../../../arm-none-eabi/lib/thumb/v7e-m+fp/softfp\libc.a(lib_a-mallocr.o)
                0x20001414                __malloc_top_pad
 *(COMMON)
 COMMON         0x20001418        0x4 e:/MaximSDK/Examples/MAX78000/CNN/ai85-fpr/build/main.o
                0x20001418                cnn_time
 COMMON         0x2000141c       0x21 e:/maximsdk/tools/gnutools/bin/../lib/gcc/arm-none-eabi/9.2.1/../../../../arm-none-eabi/lib/thumb/v7e-m+fp/softfp\libc.a(lib_a-lock.o)
                0x2000141c                __lock___atexit_recursive_mutex
                0x20001420                __lock___arc4random_mutex
                0x20001424                __lock___env_recursive_mutex
                0x20001428                __lock___sinit_recursive_mutex
                0x2000142c                __lock___malloc_recursive_mutex
                0x20001430                __lock___at_quick_exit_mutex
                0x20001434                __lock___dd_hash_mutex
                0x20001438                __lock___tz_mutex
                0x2000143c                __lock___sfp_recursive_mutex
 *fill*         0x2000143d        0x3 
 COMMON         0x20001440        0x4 e:/maximsdk/tools/gnutools/bin/../lib/gcc/arm-none-eabi/9.2.1/../../../../arm-none-eabi/lib/thumb/v7e-m+fp/softfp\libc.a(lib_a-reent.o)
                0x20001440                errno
                0x20001444                _ebss = ALIGN (., 0x4)

.shared         0x20001444        0x4 load address 0x10025f9c
                0x20001444                . = ALIGN (0x4)
                0x20001444                _shared = .
 *(.mailbox*)
                0x20001444                . = ALIGN (0x4)
 *(.shared*)
 .shared        0x20001444        0x4 e:/MaximSDK/Examples/MAX78000/CNN/ai85-fpr/build/system_max78000.o
                0x20001444                SystemCoreClock
                0x20001448                _eshared = ALIGN (., 0x4)
                0x10025f9c                __shared_data = LOADADDR (.shared)
                0x20020000                __StackTop = (ORIGIN (SRAM) + LENGTH (SRAM))
                0x2001f000                __StackLimit = (__StackTop - SIZEOF (.stack_dummy))

.stack_dummy    0x20001448     0x1000 load address 0x10025fa0
 *(.stack*)
 .stack         0x20001448     0x1000 e:/MaximSDK/Examples/MAX78000/CNN/ai85-fpr/build/startup_max78000.o

.heap           0x20001448      0xc00 load address 0x10025fa0
                0x20001448                . = ALIGN (0x4)
 *(.heap*)
 .heap          0x20001448      0xc00 e:/MaximSDK/Examples/MAX78000/CNN/ai85-fpr/build/startup_max78000.o
                0x20001448                __HeapBase
                0x2001f000                __HeapLimit = ABSOLUTE (__StackLimit)
                0x20020000                PROVIDE (__stack = __StackTop)
                0x00000001                ASSERT ((__StackLimit >= _ebss), region RAM overflowed with stack)
OUTPUT(e:/MaximSDK/Examples/MAX78000/CNN/ai85-fpr/build/max78000.elf elf32-littlearm)

.ARM.attributes
                0x00000000       0x2e
 .ARM.attributes
                0x00000000       0x1e e:/maximsdk/tools/gnutools/bin/../lib/gcc/arm-none-eabi/9.2.1/thumb/v7e-m+fp/softfp/crti.o
 .ARM.attributes
                0x0000001e       0x32 e:/maximsdk/tools/gnutools/bin/../lib/gcc/arm-none-eabi/9.2.1/thumb/v7e-m+fp/softfp/crtbegin.o
 .ARM.attributes
                0x00000050       0x32 e:/MaximSDK/Examples/MAX78000/CNN/ai85-fpr/build/main.o
 .ARM.attributes
                0x00000082       0x32 e:/MaximSDK/Examples/MAX78000/CNN/ai85-fpr/build/cnn.o
 .ARM.attributes
                0x000000b4       0x32 e:/MaximSDK/Examples/MAX78000/CNN/ai85-fpr/build/softmax.o
 .ARM.attributes
                0x000000e6       0x32 e:/MaximSDK/Examples/MAX78000/CNN/ai85-fpr/build/board.o
 .ARM.attributes
                0x00000118       0x32 e:/MaximSDK/Examples/MAX78000/CNN/ai85-fpr/build/stdio.o
 .ARM.attributes
                0x0000014a       0x32 e:/MaximSDK/Examples/MAX78000/CNN/ai85-fpr/build/led.o
 .ARM.attributes
                0x0000017c       0x32 e:/MaximSDK/Examples/MAX78000/CNN/ai85-fpr/build/pb.o
 .ARM.attributes
                0x000001ae       0x1b e:/MaximSDK/Examples/MAX78000/CNN/ai85-fpr/build/startup_max78000.o
 .ARM.attributes
                0x000001c9       0x32 e:/MaximSDK/Examples/MAX78000/CNN/ai85-fpr/build/heap.o
 .ARM.attributes
                0x000001fb       0x32 e:/MaximSDK/Examples/MAX78000/CNN/ai85-fpr/build/system_max78000.o
 .ARM.attributes
                0x0000022d       0x32 e:/MaximSDK/Libraries/PeriphDrivers/bin/MAX78000/softfp/libPeriphDriver_softfp.a(mxc_delay.o)
 .ARM.attributes
                0x0000025f       0x37 e:/MaximSDK/Libraries/PeriphDrivers/bin/MAX78000/softfp/libPeriphDriver_softfp.a(pins_ai85.o)
 .ARM.attributes
                0x00000296       0x32 e:/MaximSDK/Libraries/PeriphDrivers/bin/MAX78000/softfp/libPeriphDriver_softfp.a(sys_ai85.o)
 .ARM.attributes
                0x000002c8       0x32 e:/MaximSDK/Libraries/PeriphDrivers/bin/MAX78000/softfp/libPeriphDriver_softfp.a(nvic_table.o)
 .ARM.attributes
                0x000002fa       0x32 e:/MaximSDK/Libraries/PeriphDrivers/bin/MAX78000/softfp/libPeriphDriver_softfp.a(gpio_ai85.o)
 .ARM.attributes
                0x0000032c       0x32 e:/MaximSDK/Libraries/PeriphDrivers/bin/MAX78000/softfp/libPeriphDriver_softfp.a(gpio_reva.o)
 .ARM.attributes
                0x0000035e       0x32 e:/MaximSDK/Libraries/PeriphDrivers/bin/MAX78000/softfp/libPeriphDriver_softfp.a(icc_me17.o)
 .ARM.attributes
                0x00000390       0x32 e:/MaximSDK/Libraries/PeriphDrivers/bin/MAX78000/softfp/libPeriphDriver_softfp.a(icc_reva.o)
 .ARM.attributes
                0x000003c2       0x32 e:/MaximSDK/Libraries/PeriphDrivers/bin/MAX78000/softfp/libPeriphDriver_softfp.a(uart_ai85.o)
 .ARM.attributes
                0x000003f4       0x32 e:/MaximSDK/Libraries/PeriphDrivers/bin/MAX78000/softfp/libPeriphDriver_softfp.a(uart_common.o)
 .ARM.attributes
                0x00000426       0x32 e:/MaximSDK/Libraries/PeriphDrivers/bin/MAX78000/softfp/libPeriphDriver_softfp.a(uart_revb.o)
 .ARM.attributes
                0x00000458       0x32 e:/MaximSDK/Libraries/PeriphDrivers/bin/MAX78000/softfp/libPeriphDriver_softfp.a(gpio_common.o)
 .ARM.attributes
                0x0000048a       0x32 e:/maximsdk/tools/gnutools/bin/../lib/gcc/arm-none-eabi/9.2.1/../../../../arm-none-eabi/lib/thumb/v7e-m+fp/softfp\libc.a(lib_a-errno.o)
 .ARM.attributes
                0x000004bc       0x30 e:/maximsdk/tools/gnutools/bin/../lib/gcc/arm-none-eabi/9.2.1/../../../../arm-none-eabi/lib/thumb/v7e-m+fp/softfp\libc.a(lib_a-impure.o)
 .ARM.attributes
                0x000004ec       0x32 e:/maximsdk/tools/gnutools/bin/../lib/gcc/arm-none-eabi/9.2.1/../../../../arm-none-eabi/lib/thumb/v7e-m+fp/softfp\libc.a(lib_a-init.o)
 .ARM.attributes
                0x0000051e       0x32 e:/maximsdk/tools/gnutools/bin/../lib/gcc/arm-none-eabi/9.2.1/../../../../arm-none-eabi/lib/thumb/v7e-m+fp/softfp\libc.a(lib_a-mallocr.o)
 .ARM.attributes
                0x00000550       0x1c e:/maximsdk/tools/gnutools/bin/../lib/gcc/arm-none-eabi/9.2.1/../../../../arm-none-eabi/lib/thumb/v7e-m+fp/softfp\libc.a(lib_a-memcpy.o)
 .ARM.attributes
                0x0000056c       0x32 e:/maximsdk/tools/gnutools/bin/../lib/gcc/arm-none-eabi/9.2.1/../../../../arm-none-eabi/lib/thumb/v7e-m+fp/softfp\libc.a(lib_a-memset.o)
 .ARM.attributes
                0x0000059e       0x32 e:/maximsdk/tools/gnutools/bin/../lib/gcc/arm-none-eabi/9.2.1/../../../../arm-none-eabi/lib/thumb/v7e-m+fp/softfp\libc.a(lib_a-mlock.o)
 .ARM.attributes
                0x000005d0       0x32 e:/maximsdk/tools/gnutools/bin/../lib/gcc/arm-none-eabi/9.2.1/../../../../arm-none-eabi/lib/thumb/v7e-m+fp/softfp\libc.a(lib_a-printf.o)
 .ARM.attributes
                0x00000602       0x32 e:/maximsdk/tools/gnutools/bin/../lib/gcc/arm-none-eabi/9.2.1/../../../../arm-none-eabi/lib/thumb/v7e-m+fp/softfp\libc.a(lib_a-puts.o)
 .ARM.attributes
                0x00000634       0x32 e:/maximsdk/tools/gnutools/bin/../lib/gcc/arm-none-eabi/9.2.1/../../../../arm-none-eabi/lib/thumb/v7e-m+fp/softfp\libc.a(lib_a-sbrkr.o)
 .ARM.attributes
                0x00000666       0x1c e:/maximsdk/tools/gnutools/bin/../lib/gcc/arm-none-eabi/9.2.1/../../../../arm-none-eabi/lib/thumb/v7e-m+fp/softfp\libc.a(lib_a-strlen.o)
 .ARM.attributes
                0x00000682       0x32 e:/maximsdk/tools/gnutools/bin/../lib/gcc/arm-none-eabi/9.2.1/../../../../arm-none-eabi/lib/thumb/v7e-m+fp/softfp\libc.a(lib_a-vfprintf.o)
 .ARM.attributes
                0x000006b4       0x32 e:/maximsdk/tools/gnutools/bin/../lib/gcc/arm-none-eabi/9.2.1/../../../../arm-none-eabi/lib/thumb/v7e-m+fp/softfp\libc.a(lib_a-wsetup.o)
 .ARM.attributes
                0x000006e6       0x32 e:/maximsdk/tools/gnutools/bin/../lib/gcc/arm-none-eabi/9.2.1/../../../../arm-none-eabi/lib/thumb/v7e-m+fp/softfp\libc.a(lib_a-__call_atexit.o)
 .ARM.attributes
                0x00000718       0x32 e:/maximsdk/tools/gnutools/bin/../lib/gcc/arm-none-eabi/9.2.1/../../../../arm-none-eabi/lib/thumb/v7e-m+fp/softfp\libc.a(lib_a-atexit.o)
 .ARM.attributes
                0x0000074a       0x32 e:/maximsdk/tools/gnutools/bin/../lib/gcc/arm-none-eabi/9.2.1/../../../../arm-none-eabi/lib/thumb/v7e-m+fp/softfp\libc.a(lib_a-dtoa.o)
 .ARM.attributes
                0x0000077c       0x32 e:/maximsdk/tools/gnutools/bin/../lib/gcc/arm-none-eabi/9.2.1/../../../../arm-none-eabi/lib/thumb/v7e-m+fp/softfp\libc.a(lib_a-fflush.o)
 .ARM.attributes
                0x000007ae       0x32 e:/maximsdk/tools/gnutools/bin/../lib/gcc/arm-none-eabi/9.2.1/../../../../arm-none-eabi/lib/thumb/v7e-m+fp/softfp\libc.a(lib_a-findfp.o)
 .ARM.attributes
                0x000007e0       0x32 e:/maximsdk/tools/gnutools/bin/../lib/gcc/arm-none-eabi/9.2.1/../../../../arm-none-eabi/lib/thumb/v7e-m+fp/softfp\libc.a(lib_a-fini.o)
 .ARM.attributes
                0x00000812       0x32 e:/maximsdk/tools/gnutools/bin/../lib/gcc/arm-none-eabi/9.2.1/../../../../arm-none-eabi/lib/thumb/v7e-m+fp/softfp\libc.a(lib_a-freer.o)
 .ARM.attributes
                0x00000844       0x32 e:/maximsdk/tools/gnutools/bin/../lib/gcc/arm-none-eabi/9.2.1/../../../../arm-none-eabi/lib/thumb/v7e-m+fp/softfp\libc.a(lib_a-fvwrite.o)
 .ARM.attributes
                0x00000876       0x32 e:/maximsdk/tools/gnutools/bin/../lib/gcc/arm-none-eabi/9.2.1/../../../../arm-none-eabi/lib/thumb/v7e-m+fp/softfp\libc.a(lib_a-fwalk.o)
 .ARM.attributes
                0x000008a8       0x32 e:/maximsdk/tools/gnutools/bin/../lib/gcc/arm-none-eabi/9.2.1/../../../../arm-none-eabi/lib/thumb/v7e-m+fp/softfp\libc.a(lib_a-localeconv.o)
 .ARM.attributes
                0x000008da       0x32 e:/maximsdk/tools/gnutools/bin/../lib/gcc/arm-none-eabi/9.2.1/../../../../arm-none-eabi/lib/thumb/v7e-m+fp/softfp\libc.a(lib_a-lock.o)
 .ARM.attributes
                0x0000090c       0x32 e:/maximsdk/tools/gnutools/bin/../lib/gcc/arm-none-eabi/9.2.1/../../../../arm-none-eabi/lib/thumb/v7e-m+fp/softfp\libc.a(lib_a-makebuf.o)
 .ARM.attributes
                0x0000093e       0x1c e:/maximsdk/tools/gnutools/bin/../lib/gcc/arm-none-eabi/9.2.1/../../../../arm-none-eabi/lib/thumb/v7e-m+fp/softfp\libc.a(lib_a-memchr.o)
 .ARM.attributes
                0x0000095a       0x32 e:/maximsdk/tools/gnutools/bin/../lib/gcc/arm-none-eabi/9.2.1/../../../../arm-none-eabi/lib/thumb/v7e-m+fp/softfp\libc.a(lib_a-memmove.o)
 .ARM.attributes
                0x0000098c       0x32 e:/maximsdk/tools/gnutools/bin/../lib/gcc/arm-none-eabi/9.2.1/../../../../arm-none-eabi/lib/thumb/v7e-m+fp/softfp\libc.a(lib_a-mprec.o)
 .ARM.attributes
                0x000009be       0x32 e:/maximsdk/tools/gnutools/bin/../lib/gcc/arm-none-eabi/9.2.1/../../../../arm-none-eabi/lib/thumb/v7e-m+fp/softfp\libc.a(lib_a-reallocr.o)
 .ARM.attributes
                0x000009f0       0x32 e:/maximsdk/tools/gnutools/bin/../lib/gcc/arm-none-eabi/9.2.1/../../../../arm-none-eabi/lib/thumb/v7e-m+fp/softfp\libc.a(lib_a-reent.o)
 .ARM.attributes
                0x00000a22       0x32 e:/maximsdk/tools/gnutools/bin/../lib/gcc/arm-none-eabi/9.2.1/../../../../arm-none-eabi/lib/thumb/v7e-m+fp/softfp\libc.a(lib_a-s_frexp.o)
 .ARM.attributes
                0x00000a54       0x32 e:/maximsdk/tools/gnutools/bin/../lib/gcc/arm-none-eabi/9.2.1/../../../../arm-none-eabi/lib/thumb/v7e-m+fp/softfp\libc.a(lib_a-stdio.o)
 .ARM.attributes
                0x00000a86       0x32 e:/maximsdk/tools/gnutools/bin/../lib/gcc/arm-none-eabi/9.2.1/../../../../arm-none-eabi/lib/thumb/v7e-m+fp/softfp\libc.a(lib_a-strncpy.o)
 .ARM.attributes
                0x00000ab8       0x32 e:/maximsdk/tools/gnutools/bin/../lib/gcc/arm-none-eabi/9.2.1/../../../../arm-none-eabi/lib/thumb/v7e-m+fp/softfp\libc.a(lib_a-vfiprintf.o)
 .ARM.attributes
                0x00000aea       0x32 e:/maximsdk/tools/gnutools/bin/../lib/gcc/arm-none-eabi/9.2.1/../../../../arm-none-eabi/lib/thumb/v7e-m+fp/softfp\libc.a(lib_a-writer.o)
 .ARM.attributes
                0x00000b1c       0x32 e:/maximsdk/tools/gnutools/bin/../lib/gcc/arm-none-eabi/9.2.1/../../../../arm-none-eabi/lib/thumb/v7e-m+fp/softfp\libc.a(lib_a-__atexit.o)
 .ARM.attributes
                0x00000b4e       0x32 e:/maximsdk/tools/gnutools/bin/../lib/gcc/arm-none-eabi/9.2.1/../../../../arm-none-eabi/lib/thumb/v7e-m+fp/softfp\libc.a(lib_a-callocr.o)
 .ARM.attributes
                0x00000b80       0x32 e:/maximsdk/tools/gnutools/bin/../lib/gcc/arm-none-eabi/9.2.1/../../../../arm-none-eabi/lib/thumb/v7e-m+fp/softfp\libc.a(lib_a-closer.o)
 .ARM.attributes
                0x00000bb2       0x32 e:/maximsdk/tools/gnutools/bin/../lib/gcc/arm-none-eabi/9.2.1/../../../../arm-none-eabi/lib/thumb/v7e-m+fp/softfp\libc.a(lib_a-fclose.o)
 .ARM.attributes
                0x00000be4       0x32 e:/maximsdk/tools/gnutools/bin/../lib/gcc/arm-none-eabi/9.2.1/../../../../arm-none-eabi/lib/thumb/v7e-m+fp/softfp\libc.a(lib_a-fputwc.o)
 .ARM.attributes
                0x00000c16       0x32 e:/maximsdk/tools/gnutools/bin/../lib/gcc/arm-none-eabi/9.2.1/../../../../arm-none-eabi/lib/thumb/v7e-m+fp/softfp\libc.a(lib_a-fstatr.o)
 .ARM.attributes
                0x00000c48       0x32 e:/maximsdk/tools/gnutools/bin/../lib/gcc/arm-none-eabi/9.2.1/../../../../arm-none-eabi/lib/thumb/v7e-m+fp/softfp\libc.a(lib_a-isattyr.o)
 .ARM.attributes
                0x00000c7a       0x32 e:/maximsdk/tools/gnutools/bin/../lib/gcc/arm-none-eabi/9.2.1/../../../../arm-none-eabi/lib/thumb/v7e-m+fp/softfp\libc.a(lib_a-locale.o)
 .ARM.attributes
                0x00000cac       0x32 e:/maximsdk/tools/gnutools/bin/../lib/gcc/arm-none-eabi/9.2.1/../../../../arm-none-eabi/lib/thumb/v7e-m+fp/softfp\libc.a(lib_a-lseekr.o)
 .ARM.attributes
                0x00000cde       0x32 e:/maximsdk/tools/gnutools/bin/../lib/gcc/arm-none-eabi/9.2.1/../../../../arm-none-eabi/lib/thumb/v7e-m+fp/softfp\libc.a(lib_a-mbtowc_r.o)
 .ARM.attributes
                0x00000d10       0x32 e:/maximsdk/tools/gnutools/bin/../lib/gcc/arm-none-eabi/9.2.1/../../../../arm-none-eabi/lib/thumb/v7e-m+fp/softfp\libc.a(lib_a-readr.o)
 .ARM.attributes
                0x00000d42       0x32 e:/maximsdk/tools/gnutools/bin/../lib/gcc/arm-none-eabi/9.2.1/../../../../arm-none-eabi/lib/thumb/v7e-m+fp/softfp\libc.a(lib_a-wbuf.o)
 .ARM.attributes
                0x00000d74       0x32 e:/maximsdk/tools/gnutools/bin/../lib/gcc/arm-none-eabi/9.2.1/../../../../arm-none-eabi/lib/thumb/v7e-m+fp/softfp\libc.a(lib_a-wcrtomb.o)
 .ARM.attributes
                0x00000da6       0x32 e:/maximsdk/tools/gnutools/bin/../lib/gcc/arm-none-eabi/9.2.1/../../../../arm-none-eabi/lib/thumb/v7e-m+fp/softfp\libc.a(lib_a-wctomb_r.o)
 .ARM.attributes
                0x00000dd8       0x30 e:/maximsdk/tools/gnutools/bin/../lib/gcc/arm-none-eabi/9.2.1/../../../../arm-none-eabi/lib/thumb/v7e-m+fp/softfp\libc.a(lib_a-ctype_.o)
 .ARM.attributes
                0x00000e08       0x1e e:/maximsdk/tools/gnutools/bin/../lib/gcc/arm-none-eabi/9.2.1/thumb/v7e-m+fp/softfp\libgcc.a(_arm_addsubdf3.o)
 .ARM.attributes
                0x00000e26       0x1e e:/maximsdk/tools/gnutools/bin/../lib/gcc/arm-none-eabi/9.2.1/thumb/v7e-m+fp/softfp\libgcc.a(_arm_muldivdf3.o)
 .ARM.attributes
                0x00000e44       0x1e e:/maximsdk/tools/gnutools/bin/../lib/gcc/arm-none-eabi/9.2.1/thumb/v7e-m+fp/softfp\libgcc.a(_arm_cmpdf2.o)
 .ARM.attributes
                0x00000e62       0x1e e:/maximsdk/tools/gnutools/bin/../lib/gcc/arm-none-eabi/9.2.1/thumb/v7e-m+fp/softfp\libgcc.a(_arm_unorddf2.o)
 .ARM.attributes
                0x00000e80       0x1e e:/maximsdk/tools/gnutools/bin/../lib/gcc/arm-none-eabi/9.2.1/thumb/v7e-m+fp/softfp\libgcc.a(_arm_fixdfsi.o)
 .ARM.attributes
                0x00000e9e       0x1e e:/maximsdk/tools/gnutools/bin/../lib/gcc/arm-none-eabi/9.2.1/thumb/v7e-m+fp/softfp\libgcc.a(_aeabi_ldivmod.o)
 .ARM.attributes
                0x00000ebc       0x1e e:/maximsdk/tools/gnutools/bin/../lib/gcc/arm-none-eabi/9.2.1/thumb/v7e-m+fp/softfp\libgcc.a(_aeabi_uldivmod.o)
 .ARM.attributes
                0x00000eda       0x32 e:/maximsdk/tools/gnutools/bin/../lib/gcc/arm-none-eabi/9.2.1/thumb/v7e-m+fp/softfp\libgcc.a(_udivmoddi4.o)
 .ARM.attributes
                0x00000f0c       0x1e e:/maximsdk/tools/gnutools/bin/../lib/gcc/arm-none-eabi/9.2.1/thumb/v7e-m+fp/softfp\libgcc.a(_dvmd_tls.o)
 .ARM.attributes
                0x00000f2a       0x30 e:/maximsdk/tools/gnutools/bin/../lib/gcc/arm-none-eabi/9.2.1/thumb/v7e-m+fp/softfp/crtend.o
 .ARM.attributes
                0x00000f5a       0x1e e:/maximsdk/tools/gnutools/bin/../lib/gcc/arm-none-eabi/9.2.1/thumb/v7e-m+fp/softfp/crtn.o

.comment        0x00000000       0x79
 .comment       0x00000000       0x79 e:/MaximSDK/Examples/MAX78000/CNN/ai85-fpr/build/main.o
                                 0x7a (size before relaxing)
 .comment       0x00000079       0x7a e:/MaximSDK/Examples/MAX78000/CNN/ai85-fpr/build/cnn.o
 .comment       0x00000079       0x7a e:/MaximSDK/Examples/MAX78000/CNN/ai85-fpr/build/softmax.o
 .comment       0x00000079       0x7a e:/MaximSDK/Examples/MAX78000/CNN/ai85-fpr/build/board.o
 .comment       0x00000079       0x7a e:/MaximSDK/Examples/MAX78000/CNN/ai85-fpr/build/stdio.o
 .comment       0x00000079       0x7a e:/MaximSDK/Examples/MAX78000/CNN/ai85-fpr/build/led.o
 .comment       0x00000079       0x7a e:/MaximSDK/Examples/MAX78000/CNN/ai85-fpr/build/pb.o
 .comment       0x00000079       0x7a e:/MaximSDK/Examples/MAX78000/CNN/ai85-fpr/build/heap.o
 .comment       0x00000079       0x7a e:/MaximSDK/Examples/MAX78000/CNN/ai85-fpr/build/system_max78000.o
 .comment       0x00000079       0x7a e:/MaximSDK/Libraries/PeriphDrivers/bin/MAX78000/softfp/libPeriphDriver_softfp.a(mxc_delay.o)
 .comment       0x00000079       0x7a e:/MaximSDK/Libraries/PeriphDrivers/bin/MAX78000/softfp/libPeriphDriver_softfp.a(pins_ai85.o)
 .comment       0x00000079       0x7a e:/MaximSDK/Libraries/PeriphDrivers/bin/MAX78000/softfp/libPeriphDriver_softfp.a(sys_ai85.o)
 .comment       0x00000079       0x7a e:/MaximSDK/Libraries/PeriphDrivers/bin/MAX78000/softfp/libPeriphDriver_softfp.a(nvic_table.o)
 .comment       0x00000079       0x7a e:/MaximSDK/Libraries/PeriphDrivers/bin/MAX78000/softfp/libPeriphDriver_softfp.a(gpio_ai85.o)
 .comment       0x00000079       0x7a e:/MaximSDK/Libraries/PeriphDrivers/bin/MAX78000/softfp/libPeriphDriver_softfp.a(gpio_reva.o)
 .comment       0x00000079       0x7a e:/MaximSDK/Libraries/PeriphDrivers/bin/MAX78000/softfp/libPeriphDriver_softfp.a(icc_me17.o)
 .comment       0x00000079       0x7a e:/MaximSDK/Libraries/PeriphDrivers/bin/MAX78000/softfp/libPeriphDriver_softfp.a(icc_reva.o)
 .comment       0x00000079       0x7a e:/MaximSDK/Libraries/PeriphDrivers/bin/MAX78000/softfp/libPeriphDriver_softfp.a(uart_ai85.o)
 .comment       0x00000079       0x7a e:/MaximSDK/Libraries/PeriphDrivers/bin/MAX78000/softfp/libPeriphDriver_softfp.a(uart_common.o)
 .comment       0x00000079       0x7a e:/MaximSDK/Libraries/PeriphDrivers/bin/MAX78000/softfp/libPeriphDriver_softfp.a(uart_revb.o)
 .comment       0x00000079       0x7a e:/MaximSDK/Libraries/PeriphDrivers/bin/MAX78000/softfp/libPeriphDriver_softfp.a(gpio_common.o)

.debug_info     0x00000000    0x1804c
 .debug_info    0x00000000     0x16e7 e:/MaximSDK/Examples/MAX78000/CNN/ai85-fpr/build/main.o
 .debug_info    0x000016e7     0x27ca e:/MaximSDK/Examples/MAX78000/CNN/ai85-fpr/build/cnn.o
 .debug_info    0x00003eb1     0x1163 e:/MaximSDK/Examples/MAX78000/CNN/ai85-fpr/build/softmax.o
 .debug_info    0x00005014     0x1547 e:/MaximSDK/Examples/MAX78000/CNN/ai85-fpr/build/board.o
 .debug_info    0x0000655b     0x1513 e:/MaximSDK/Examples/MAX78000/CNN/ai85-fpr/build/stdio.o
 .debug_info    0x00007a6e     0x10e9 e:/MaximSDK/Examples/MAX78000/CNN/ai85-fpr/build/led.o